Component: ARM Compiler 5.06 update 7 (build 960) Tool: armlink [4d3601]

==============================================================================

Section Cross References

    osasm.o(.text) refers to os.o(i.Scheduler) for Scheduler
    osasm.o(.text) refers to os.o(.data) for RunPt
    os.o(i.OS_AddPeriodicEventThread) refers to os.o(.data) for index
    os.o(i.OS_AddPeriodicEventThread) refers to os.o(.bss) for Periodic
    os.o(i.OS_AddThreads) refers to startup_tm4c123.o(.text) for StartCritical
    os.o(i.OS_AddThreads) refers to os.o(i.SetInitialStack) for SetInitialStack
    os.o(i.OS_AddThreads) refers to os.o(.bss) for tcbs
    os.o(i.OS_AddThreads) refers to os.o(.data) for RunPt
    os.o(i.OS_FIFO_Get) refers to os.o(i.OS_Wait) for OS_Wait
    os.o(i.OS_FIFO_Get) refers to startup_tm4c123.o(.text) for DisableInterrupts
    os.o(i.OS_FIFO_Get) refers to os.o(.data) for FifoSemaphore
    os.o(i.OS_FIFO_Get) refers to os.o(.bss) for Fifo
    os.o(i.OS_FIFO_Init) refers to os.o(i.OS_InitSemaphore) for OS_InitSemaphore
    os.o(i.OS_FIFO_Init) refers to os.o(.data) for PutI
    os.o(i.OS_FIFO_Put) refers to startup_tm4c123.o(.text) for DisableInterrupts
    os.o(i.OS_FIFO_Put) refers to os.o(i.OS_Signal) for OS_Signal
    os.o(i.OS_FIFO_Put) refers to os.o(.data) for CurrentSize
    os.o(i.OS_FIFO_Put) refers to os.o(.bss) for Fifo
    os.o(i.OS_Init) refers to startup_tm4c123.o(.text) for DisableInterrupts
    os.o(i.OS_Init) refers to bsp.o(i.BSP_Clock_InitFastest) for BSP_Clock_InitFastest
    os.o(i.OS_Init) refers to os.o(.data) for RunPt
    os.o(i.OS_Init) refers to os.o(.bss) for tcbs
    os.o(i.OS_Launch) refers to osasm.o(.text) for StartOS
    os.o(i.OS_Signal) refers to startup_tm4c123.o(.text) for DisableInterrupts
    os.o(i.OS_Signal) refers to os.o(.data) for RunPt
    os.o(i.OS_Sleep) refers to startup_tm4c123.o(.text) for DisableInterrupts
    os.o(i.OS_Sleep) refers to os.o(i.OS_Suspend) for OS_Suspend
    os.o(i.OS_Sleep) refers to os.o(.data) for RunPt
    os.o(i.OS_Wait) refers to startup_tm4c123.o(.text) for DisableInterrupts
    os.o(i.OS_Wait) refers to os.o(i.OS_Sleep) for OS_Sleep
    os.o(i.OS_Wait) refers to os.o(.data) for RunPt
    os.o(i.Scheduler) refers to os.o(i.runperiodicevents) for runperiodicevents
    os.o(i.Scheduler) refers to os.o(.data) for RunPt
    os.o(i.SetInitialStack) refers to os.o(.bss) for Stacks
    os.o(i.runperiodicevents) refers to os.o(.data) for RunPt
    os.o(i.runperiodicevents) refers to os.o(.bss) for Periodic
    bsp.o(i.BSP_Accelerometer_Init) refers to bsp.o(i.adcinit) for adcinit
    bsp.o(i.BSP_Buzzer_Init) refers to bsp.o(.data) for ClockFrequency
    bsp.o(i.BSP_Buzzer_Set) refers to bsp.o(.data) for PWMCycles
    bsp.o(i.BSP_Clock_GetFreq) refers to bsp.o(.data) for ClockFrequency
    bsp.o(i.BSP_Clock_InitFastest) refers to bsp.o(.data) for ClockFrequency
    bsp.o(i.BSP_Delay1ms) refers to bsp.o(.emb_text) for parrotdelay
    bsp.o(i.BSP_Joystick_Init) refers to bsp.o(i.adcinit) for adcinit
    bsp.o(i.BSP_LCD_DrawBitmap) refers to bsp.o(i.setAddrWindow) for setAddrWindow
    bsp.o(i.BSP_LCD_DrawBitmap) refers to bsp.o(i.writedata) for writedata
    bsp.o(i.BSP_LCD_DrawBitmap) refers to bsp.o(.data) for _width
    bsp.o(i.BSP_LCD_DrawChar) refers to bsp.o(i.setAddrWindow) for setAddrWindow
    bsp.o(i.BSP_LCD_DrawChar) refers to bsp.o(i.pushColor) for pushColor
    bsp.o(i.BSP_LCD_DrawChar) refers to bsp.o(.data) for _width
    bsp.o(i.BSP_LCD_DrawChar) refers to bsp.o(.constdata) for Font
    bsp.o(i.BSP_LCD_DrawCharS) refers to bsp.o(i.BSP_LCD_DrawPixel) for BSP_LCD_DrawPixel
    bsp.o(i.BSP_LCD_DrawCharS) refers to bsp.o(i.BSP_LCD_FillRect) for BSP_LCD_FillRect
    bsp.o(i.BSP_LCD_DrawCharS) refers to bsp.o(.data) for _width
    bsp.o(i.BSP_LCD_DrawCharS) refers to bsp.o(.constdata) for Font
    bsp.o(i.BSP_LCD_DrawFastHLine) refers to bsp.o(i.setAddrWindow) for setAddrWindow
    bsp.o(i.BSP_LCD_DrawFastHLine) refers to bsp.o(i.writedata) for writedata
    bsp.o(i.BSP_LCD_DrawFastHLine) refers to bsp.o(.data) for _width
    bsp.o(i.BSP_LCD_DrawFastVLine) refers to bsp.o(i.setAddrWindow) for setAddrWindow
    bsp.o(i.BSP_LCD_DrawFastVLine) refers to bsp.o(i.writedata) for writedata
    bsp.o(i.BSP_LCD_DrawFastVLine) refers to bsp.o(.data) for _width
    bsp.o(i.BSP_LCD_DrawPixel) refers to bsp.o(i.setAddrWindow) for setAddrWindow
    bsp.o(i.BSP_LCD_DrawPixel) refers to bsp.o(i.pushColor) for pushColor
    bsp.o(i.BSP_LCD_DrawPixel) refers to bsp.o(.data) for _width
    bsp.o(i.BSP_LCD_DrawString) refers to bsp.o(i.BSP_LCD_DrawChar) for BSP_LCD_DrawChar
    bsp.o(i.BSP_LCD_Drawaxes) refers to bsp.o(i.BSP_LCD_FillRect) for BSP_LCD_FillRect
    bsp.o(i.BSP_LCD_Drawaxes) refers to bsp.o(i.BSP_LCD_DrawFastHLine) for BSP_LCD_DrawFastHLine
    bsp.o(i.BSP_LCD_Drawaxes) refers to bsp.o(i.BSP_LCD_DrawFastVLine) for BSP_LCD_DrawFastVLine
    bsp.o(i.BSP_LCD_Drawaxes) refers to bsp.o(i.BSP_LCD_DrawPixel) for BSP_LCD_DrawPixel
[...]
    bsp.o(i.tempsensorstart) refers to bsp.o(i.I2C_Send3) for I2C_Send3
    ball.o(i.Ball_ClearAll) refers to ball.o(i.erasePrev) for erasePrev
    ball.o(i.Ball_ClearAll) refers to ball.o(.bss) for balls
    ball.o(i.Ball_GetDeletedCount) refers to ball.o(.data) for deletedCnt
    ball.o(i.Ball_Init) refers to ball.o(i.drawScore) for drawScore
    ball.o(i.Ball_Init) refers to ball.o(i.spawnAtCenter) for spawnAtCenter
    ball.o(i.Ball_Init) refers to ball.o(.bss) for balls
    ball.o(i.Ball_Init) refers to ball.o(.data) for deletedCnt
    ball.o(i.Ball_ResetScore) refers to ball.o(i.drawScore) for drawScore
    ball.o(i.Ball_ResetScore) refers to ball.o(.data) for deletedCnt
    ball.o(i.Ball_SpawnNew) refers to ball.o(i.spawnAtCenter) for spawnAtCenter
    ball.o(i.Ball_Update) refers to comm_lib.o(i.Button_IsPressed) for Button_IsPressed
    ball.o(i.Ball_Update) refers to ball.o(i.spawnAtCenter) for spawnAtCenter
    ball.o(i.Ball_Update) refers to comm_lib.o(i.Comm_SendTrigger) for Comm_SendTrigger
    ball.o(i.Ball_Update) refers to bsp.o(i.BSP_Joystick_Input) for BSP_Joystick_Input
    ball.o(i.Ball_Update) refers to ball.o(i.Ball_ClearAll) for Ball_ClearAll
    ball.o(i.Ball_Update) refers to ball.o(i.Ball_ResetScore) for Ball_ResetScore
    ball.o(i.Ball_Update) refers to ball.o(i.updateOne) for updateOne
    ball.o(i.Ball_Update) refers to ball.o(i.drawScore) for drawScore
    ball.o(i.Ball_Update) refers to ball.o(.data) for lastButton
    ball.o(i.Ball_Update) refers to ball.o(.bss) for balls
    ball.o(i.applyNudge) refers to ball.o(.constdata) for nudgeTable
    ball.o(i.applyNudge) refers to ball.o(.data) for nudgeIndex
    ball.o(i.drawBall) refers to bsp.o(i.BSP_LCD_FillRect) for BSP_LCD_FillRect
    ball.o(i.drawScore) refers to ball.o(i.u32ToStr) for u32ToStr
    ball.o(i.drawScore) refers to bsp.o(i.BSP_LCD_DrawString) for BSP_LCD_DrawString
    ball.o(i.erasePrev) refers to bsp.o(i.BSP_LCD_FillRect) for BSP_LCD_FillRect
    ball.o(i.erasePrev) refers to bsp.o(i.BSP_LCD_DrawFastVLine) for BSP_LCD_DrawFastVLine
    ball.o(i.spawnAtCenter) refers to ball.o(.bss) for balls
    ball.o(i.updateOne) refers to ball.o(i.erasePrev) for erasePrev
    ball.o(i.updateOne) refers to ball.o(i.applyNudge) for applyNudge
    ball.o(i.updateOne) refers to paddle.o(i.Paddle_GetX) for Paddle_GetX
    ball.o(i.updateOne) refers to ball.o(i.drawBall) for drawBall
    ball.o(i.updateOne) refers to ball.o(.data) for deletedCnt
    main.o(i.CommSignalThread) refers to os.o(i.OS_Signal) for OS_Signal
    main.o(i.CommSignalThread) refers to main.o(.data) for CommSema
    main.o(i.CommThread) refers to os.o(i.OS_Wait) for OS_Wait
    main.o(i.CommThread) refers to comm_lib.o(i.Comm_CheckReceived) for Comm_CheckReceived
    main.o(i.CommThread) refers to comm_lib.o(i.LED_Set) for LED_Set
    main.o(i.CommThread) refers to ball.o(i.Ball_SpawnNew) for Ball_SpawnNew
    main.o(i.CommThread) refers to main.o(.data) for CommSema
    main.o(i.Game_Updater) refers to paddle.o(i.Paddle_Update) for Paddle_Update
    main.o(i.Game_Updater) refers to ball.o(i.Ball_Update) for Ball_Update
    main.o(i.main) refers to startup_tm4c123.o(.text) for DisableInterrupts
    main.o(i.main) refers to bsp.o(i.BSP_Clock_InitFastest) for BSP_Clock_InitFastest
    main.o(i.main) refers to bsp.o(i.BSP_LCD_Init) for BSP_LCD_Init
    main.o(i.main) refers to bsp.o(i.BSP_Joystick_Init) for BSP_Joystick_Init
    main.o(i.main) refers to comm_lib.o(i.Comm_Init) for Comm_Init
    main.o(i.main) refers to bsp.o(i.BSP_LCD_FillScreen) for BSP_LCD_FillScreen
    main.o(i.main) refers to paddle.o(i.Paddle_Init) for Paddle_Init
    main.o(i.main) refers to ball.o(i.Ball_Init) for Ball_Init
    main.o(i.main) refers to walls.o(i.Walls_Draw) for Walls_Draw
    main.o(i.main) refers to ball.o(i.Ball_ClearAll) for Ball_ClearAll
    main.o(i.main) refers to os.o(i.OS_InitSemaphore) for OS_InitSemaphore
    main.o(i.main) refers to os.o(i.OS_Init) for OS_Init
    main.o(i.main) refers to os.o(i.OS_AddThreads) for OS_AddThreads
    main.o(i.main) refers to os.o(i.OS_AddPeriodicEventThread) for OS_AddPeriodicEventThread
    main.o(i.main) refers to os.o(i.OS_Launch) for OS_Launch
    main.o(i.main) refers to main.o(.data) for CommSema
    main.o(i.main) refers to main.o(i.Idle) for Idle
    main.o(i.main) refers to main.o(i.CommThread) for CommThread
    main.o(i.main) refers to main.o(i.Game_Updater) for Game_Updater
    main.o(i.main) refers to main.o(i.CommSignalThread) for CommSignalThread
    paddle.o(i.Paddle_GetX) refers to paddle.o(.data) for paddleX
    paddle.o(i.Paddle_Init) refers to paddle.o(.data) for paddleX
    paddle.o(i.Paddle_Update) refers to bsp.o(i.BSP_Joystick_Input) for BSP_Joystick_Input
    paddle.o(i.Paddle_Update) refers to bsp.o(i.BSP_LCD_FillRect) for BSP_LCD_FillRect
    paddle.o(i.Paddle_Update) refers to paddle.o(.data) for select
    walls.o(i.Walls_Draw) refers to bsp.o(i.BSP_LCD_FillRect) for BSP_LCD_FillRect
    startup_tm4c123.o(STACK) refers (Special) to heapauxi.o(.text) for __use_two_region_memory
    startup_tm4c123.o(HEAP) refers (Special) to heapauxi.o(.text) for __use_two_region_memory
    startup_tm4c123.o(RESET) refers (Special) to heapauxi.o(.text) for __use_two_region_memory
    startup_tm4c123.o(RESET) refers to startup_tm4c123.o(STACK) for __initial_sp
    startup_tm4c123.o(RESET) refers to startup_tm4c123.o(.text) for Reset_Handler
    startup_tm4c123.o(RESET) refers to osasm.o(.text) for SysTick_Handler
    startup_tm4c123.o(RESET) refers to bsp.o(i.WideTimer3A_Handler) for WideTimer3A_Handler
    startup_tm4c123.o(RESET) refers to bsp.o(i.WideTimer4A_Handler) for WideTimer4A_Handler
    startup_tm4c123.o(RESET) refers to bsp.o(i.WideTimer5A_Handler) for WideTimer5A_Handler
    startup_tm4c123.o(.text) refers (Special) to heapauxi.o(.text) for __use_two_region_memory
    startup_tm4c123.o(.text) refers to __main.o(!!!main) for __main
    startup_tm4c123.o(.text) refers to startup_tm4c123.o(HEAP) for Heap_Mem
    startup_tm4c123.o(.text) refers to startup_tm4c123.o(STACK) for Stack_Mem
    system_tm4c123.o(i.SystemCoreClockUpdate) refers to system_tm4c123.o(i.getOscClk) for getOscClk
    system_tm4c123.o(i.SystemCoreClockUpdate) refers to system_tm4c123.o(.data) for SystemCoreClock
    __main.o(!!!main) refers to __rtentry.o(.ARM.Collect$$rtentry$$00000000) for __rt_entry
    __rtentry.o(.ARM.Collect$$rtentry$$00000000) refers (Special) to __rtentry2.o(.ARM.Collect$$rtentry$$0000000A) for __rt_entry_li
    __rtentry.o(.ARM.Collect$$rtentry$$00000000) refers (Special) to __rtentry2.o(.ARM.Collect$$rtentry$$0000000D) for __rt_entry_main
    __rtentry.o(.ARM.Collect$$rtentry$$00000000) refers (Special) to __rtentry2.o(.ARM.Collect$$rtentry$$0000000C) for __rt_entry_postli_1
    __rtentry.o(.ARM.Collect$$rtentry$$00000000) refers (Special) to __rtentry2.o(.ARM.Collect$$rtentry$$00000009) for __rt_entry_postsh_1
    __rtentry.o(.ARM.Collect$$rtentry$$00000000) refers (Special) to __rtentry2.o(.ARM.Collect$$rtentry$$00000002) for __rt_entry_presh_1
    __rtentry.o(.ARM.Collect$$rtentry$$00000000) refers (Special) to __rtentry4.o(.ARM.Collect$$rtentry$$00000004) for __rt_entry_sh
    __rtentry2.o(.ARM.Collect$$rtentry$$00000008) refers to boardinit2.o(.text) for _platform_post_stackheap_init
    __rtentry2.o(.ARM.Collect$$rtentry$$0000000A) refers to libinit.o(.ARM.Collect$$libinit$$00000000) for __rt_lib_init
    __rtentry2.o(.ARM.Collect$$rtentry$$0000000B) refers to boardinit3.o(.text) for _platform_post_lib_init
    __rtentry2.o(.ARM.Collect$$rtentry$$0000000D) refers to main.o(i.main) for main
    __rtentry2.o(.ARM.Collect$$rtentry$$0000000D) refers to exit.o(.text) for exit
    __rtentry2.o(.ARM.exidx) refers to __rtentry2.o(.ARM.Collect$$rtentry$$00000001) for .ARM.Collect$$rtentry$$00000001
    __rtentry2.o(.ARM.exidx) refers to __rtentry2.o(.ARM.Collect$$rtentry$$00000008) for .ARM.Collect$$rtentry$$00000008
    __rtentry2.o(.ARM.exidx) refers to __rtentry2.o(.ARM.Collect$$rtentry$$0000000A) for .ARM.Collect$$rtentry$$0000000A
    __rtentry2.o(.ARM.exidx) refers to __rtentry2.o(.ARM.Collect$$rtentry$$0000000B) for .ARM.Collect$$rtentry$$0000000B
    __rtentry2.o(.ARM.exidx) refers to __rtentry2.o(.ARM.Collect$$rtentry$$0000000D) for .ARM.Collect$$rtentry$$0000000D
    __rtentry4.o(.ARM.Collect$$rtentry$$00000004) refers to sys_stackheap_outer.o(.text) for __user_setup_stackheap
    __rtentry4.o(.ARM.exidx) refers to __rtentry4.o(.ARM.Collect$$rtentry$$00000004) for .ARM.Collect$$rtentry$$00000004
    sys_stackheap_outer.o(.text) refers to libspace.o(.text) for __user_perproc_libspace
    sys_stackheap_outer.o(.text) refers to startup_tm4c123.o(.text) for __user_initial_stackheap
    exit.o(.text) refers to rtexit.o(.ARM.Collect$$rtexit$$00000000) for __rt_exit
    libinit.o(.ARM.Collect$$libinit$$00000000) refers (Special) to libinit2.o(.ARM.Collect$$libinit$$0000002E) for __rt_lib_init_alloca_1
    libinit.o(.ARM.Collect$$libinit$$00000000) refers (Special) to libinit2.o(.ARM.Collect$$libinit$$0000002C) for __rt_lib_init_argv_1
    libinit.o(.ARM.Collect$$libinit$$00000000) refers (Special) to libinit2.o(.ARM.Collect$$libinit$$0000001B) for __rt_lib_init_atexit_1
    libinit.o(.ARM.Collect$$libinit$$00000000) refers (Special) to libinit2.o(.ARM.Collect$$libinit$$00000021) for __rt_lib_init_clock_1
    libinit.o(.ARM.Collect$$libinit$$00000000) refers (Special) to libinit2.o(.ARM.Collect$$libinit$$00000032) for __rt_lib_init_cpp_1
    libinit.o(.ARM.Collect$$libinit$$00000000) refers (Special) to libinit2.o(.ARM.Collect$$libinit$$00000030) for __rt_lib_init_exceptions_1
    libinit.o(.ARM.Collect$$libinit$$00000000) refers (Special) to libinit2.o(.ARM.Collect$$libinit$$00000002) for __rt_lib_init_fp_1
    libinit.o(.ARM.Collect$$libinit$$00000000) refers (Special) to libinit2.o(.ARM.Collect$$libinit$$0000001F) for __rt_lib_init_fp_trap_1
    libinit.o(.ARM.Collect$$libinit$$00000000) refers (Special) to libinit2.o(.ARM.Collect$$libinit$$00000023) for __rt_lib_init_getenv_1
    libinit.o(.ARM.Collect$$libinit$$00000000) refers (Special) to libinit2.o(.ARM.Collect$$libinit$$0000000A) for __rt_lib_init_heap_1
    libinit.o(.ARM.Collect$$libinit$$00000000) refers (Special) to libinit2.o(.ARM.Collect$$libinit$$00000011) for __rt_lib_init_lc_collate_1
    libinit.o(.ARM.Collect$$libinit$$00000000) refers (Special) to libinit2.o(.ARM.Collect$$libinit$$00000013) for __rt_lib_init_lc_ctype_1
    libinit.o(.ARM.Collect$$libinit$$00000000) refers (Special) to libinit2.o(.ARM.Collect$$libinit$$00000015) for __rt_lib_init_lc_monetary_1
    libinit.o(.ARM.Collect$$libinit$$00000000) refers (Special) to libinit2.o(.ARM.Collect$$libinit$$00000017) for __rt_lib_init_lc_numeric_1
    libinit.o(.ARM.Collect$$libinit$$00000000) refers (Special) to libinit2.o(.ARM.Collect$$libinit$$00000019) for __rt_lib_init_lc_time_1
    libinit.o(.ARM.Collect$$libinit$$00000000) refers (Special) to libinit2.o(.ARM.Collect$$libinit$$00000004) for __rt_lib_init_preinit_1
    libinit.o(.ARM.Collect$$libinit$$00000000) refers (Special) to libinit2.o(.ARM.Collect$$libinit$$0000000E) for __rt_lib_init_rand_1
    libinit.o(.ARM.Collect$$libinit$$00000000) refers (Special) to libinit2.o(.ARM.Collect$$libinit$$00000033) for __rt_lib_init_return
    libinit.o(.ARM.Collect$$libinit$$00000000) refers (Special) to libinit2.o(.ARM.Collect$$libinit$$0000001D) for __rt_lib_init_signal_1
    libinit.o(.ARM.Collect$$libinit$$00000000) refers (Special) to libinit2.o(.ARM.Collect$$libinit$$00000025) for __rt_lib_init_stdio_1
    libinit.o(.ARM.Collect$$libinit$$00000000) refers (Special) to libinit2.o(.ARM.Collect$$libinit$$0000000C) for __rt_lib_init_user_alloc_1
    libspace.o(.text) refers to libspace.o(.bss) for __libspace_start
    rtexit.o(.ARM.Collect$$rtexit$$00000000) refers (Special) to rtexit2.o(.ARM.Collect$$rtexit$$00000004) for __rt_exit_exit
    rtexit.o(.ARM.Collect$$rtexit$$00000000) refers (Special) to rtexit2.o(.ARM.Collect$$rtexit$$00000003) for __rt_exit_ls
    rtexit.o(.ARM.Collect$$rtexit$$00000000) refers (Special) to rtexit2.o(.ARM.Collect$$rtexit$$00000002) for __rt_exit_prels_1
    rtexit.o(.ARM.exidx) refers (Special) to rtexit2.o(.ARM.Collect$$rtexit$$00000004) for __rt_exit_exit
    rtexit.o(.ARM.exidx) refers (Special) to rtexit2.o(.ARM.Collect$$rtexit$$00000003) for __rt_exit_ls
    rtexit.o(.ARM.exidx) refers (Special) to rtexit2.o(.ARM.Collect$$rtexit$$00000002) for __rt_exit_prels_1
    rtexit.o(.ARM.exidx) refers to rtexit.o(.ARM.Collect$$rtexit$$00000000) for .ARM.Collect$$rtexit$$00000000
    libinit2.o(.ARM.Collect$$libinit$$00000010) refers to libinit2.o(.ARM.Collect$$libinit$$0000000F) for .ARM.Collect$$libinit$$0000000F
    libinit2.o(.ARM.Collect$$libinit$$00000012) refers to libinit2.o(.ARM.Collect$$libinit$$0000000F) for .ARM.Collect$$libinit$$0000000F
    libinit2.o(.ARM.Collect$$libinit$$00000014) refers to libinit2.o(.ARM.Collect$$libinit$$0000000F) for .ARM.Collect$$libinit$$0000000F
    libinit2.o(.ARM.Collect$$libinit$$00000016) refers to libinit2.o(.ARM.Collect$$libinit$$0000000F) for .ARM.Collect$$libinit$$0000000F
    libinit2.o(.ARM.Collect$$libinit$$00000018) refers to libinit2.o(.ARM.Collect$$libinit$$0000000F) for .ARM.Collect$$libinit$$0000000F
    libinit2.o(.ARM.Collect$$libinit$$00000026) refers to argv_veneer.o(.emb_text) for __ARM_argv_veneer
    libinit2.o(.ARM.Collect$$libinit$$00000027) refers to argv_veneer.o(.emb_text) for __ARM_argv_veneer
    rtexit2.o(.ARM.Collect$$rtexit$$00000003) refers to libshutdown.o(.ARM.Collect$$libshutdown$$00000000) for __rt_lib_shutdown
    rtexit2.o(.ARM.Collect$$rtexit$$00000004) refers to sys_exit.o(.text) for _sys_exit
    rtexit2.o(.ARM.exidx) refers to rtexit2.o(.ARM.Collect$$rtexit$$00000001) for .ARM.Collect$$rtexit$$00000001
    rtexit2.o(.ARM.exidx) refers to rtexit2.o(.ARM.Collect$$rtexit$$00000003) for .ARM.Collect$$rtexit$$00000003
    rtexit2.o(.ARM.exidx) refers to rtexit2.o(.ARM.Collect$$rtexit$$00000004) for .ARM.Collect$$rtexit$$00000004
    argv_veneer.o(.emb_text) refers to no_argv.o(.text) for __ARM_get_argv
    sys_exit.o(.text) refers (Special) to use_no_semi.o(.text) for __I$use$semihosting
    sys_exit.o(.text) refers (Special) to indicate_semi.o(.text) for __semihosting_library_function
    _get_argv_nomalloc.o(.text) refers (Special) to hrguard.o(.text) for __heap_region$guard
    _get_argv_nomalloc.o(.text) refers to defsig_rtmem_outer.o(.text) for __rt_SIGRTMEM
    _get_argv_nomalloc.o(.text) refers to sys_command.o(.text) for _sys_command_string
    libshutdown.o(.ARM.Collect$$libshutdown$$00000000) refers (Special) to libshutdown2.o(.ARM.Collect$$libshutdown$$00000004) for __rt_lib_shutdown_cpp_1
    libshutdown.o(.ARM.Collect$$libshutdown$$00000000) refers (Special) to libshutdown2.o(.ARM.Collect$$libshutdown$$00000002) for __rt_lib_shutdown_fini_1
    libshutdown.o(.ARM.Collect$$libshutdown$$00000000) refers (Special) to libshutdown2.o(.ARM.Collect$$libshutdown$$00000009) for __rt_lib_shutdown_fp_trap_1
    libshutdown.o(.ARM.Collect$$libshutdown$$00000000) refers (Special) to libshutdown2.o(.ARM.Collect$$libshutdown$$00000011) for __rt_lib_shutdown_heap_1
    libshutdown.o(.ARM.Collect$$libshutdown$$00000000) refers (Special) to libshutdown2.o(.ARM.Collect$$libshutdown$$00000012) for __rt_lib_shutdown_return
    libshutdown.o(.ARM.Collect$$libshutdown$$00000000) refers (Special) to libshutdown2.o(.ARM.Collect$$libshutdown$$0000000C) for __rt_lib_shutdown_signal_1
    libshutdown.o(.ARM.Collect$$libshutdown$$00000000) refers (Special) to libshutdown2.o(.ARM.Collect$$libshutdown$$00000006) for __rt_lib_shutdown_stdio_1
    libshutdown.o(.ARM.Collect$$libshutdown$$00000000) refers (Special) to libshutdown2.o(.ARM.Collect$$libshutdown$$0000000E) for __rt_lib_shutdown_user_alloc_1
    sys_command.o(.text) refers (Special) to use_no_semi.o(.text) for __I$use$semihosting
    sys_command.o(.text) refers (Special) to indicate_semi.o(.text) for __semihosting_library_function
    defsig_rtmem_outer.o(.text) refers to defsig_rtmem_inner.o(.text) for __rt_SIGRTMEM_inner
    defsig_rtmem_outer.o(.text) refers to defsig_exit.o(.text) for __sig_exit
    defsig_rtmem_formal.o(.text) refers to rt_raise.o(.text) for __rt_raise
    rt_raise.o(.text) refers to __raise.o(.text) for __raise
    rt_raise.o(.text) refers to sys_exit.o(.text) for _sys_exit
    defsig_exit.o(.text) refers to sys_exit.o(.text) for _sys_exit
    defsig_rtmem_inner.o(.text) refers to defsig_general.o(.text) for __default_signal_display
    __raise.o(.text) refers to defsig.o(CL$$defsig) for __default_signal_handler
    defsig_general.o(.text) refers to sys_wrch.o(.text) for _ttywrch
    sys_wrch.o(.text) refers (Special) to use_no_semi.o(.text) for __I$use$semihosting
    sys_wrch.o(.text) refers (Special) to indicate_semi.o(.text) for __semihosting_library_function
    defsig.o(CL$$defsig) refers to defsig_rtmem_inner.o(.text) for __rt_SIGRTMEM_inner
    defsig_abrt_inner.o(.text) refers to defsig_general.o(.text) for __default_signal_display
    defsig_fpe_inner.o(.text) refers to defsig_general.o(.text) for __default_signal_display
    defsig_rtred_inner.o(.text) refers to defsig_general.o(.text) for __default_signal_display
    defsig_stak_inner.o(.text) refers to defsig_general.o(.text) for __default_signal_display
    defsig_pvfn_inner.o(.text) refers to defsig_general.o(.text) for __default_signal_display
    defsig_cppl_inner.o(.text) refers to defsig_general.o(.text) for __default_signal_display
    defsig_segv_inner.o(.text) refers to defsig_general.o(.text) for __default_signal_display
    defsig_other.o(.text) refers to defsig_general.o(.text) for __default_signal_display


==============================================================================

Removing Unused input sections from the image.

    Removing os.o(i.OS_FIFO_Get), (76 bytes).
    Removing os.o(i.OS_FIFO_Init), (52 bytes).
    Removing os.o(i.OS_FIFO_Put), (108 bytes).
    Removing bsp.o(i.BSP_Accelerometer_Init), (164 bytes).
    Removing bsp.o(i.BSP_Accelerometer_Input), (60 bytes).
    Removing bsp.o(i.BSP_Button1_Init), (128 bytes).
    Removing bsp.o(i.BSP_Button1_Input), (12 bytes).
    Removing bsp.o(i.BSP_Button2_Init), (144 bytes).
    Removing bsp.o(i.BSP_Button2_Input), (12 bytes).
    Removing bsp.o(i.BSP_Buzzer_Init), (212 bytes).
    Removing bsp.o(i.BSP_Buzzer_Set), (32 bytes).
    Removing bsp.o(i.BSP_Clock_GetFreq), (12 bytes).
    Removing bsp.o(i.BSP_LCD_Color565), (24 bytes).
    Removing bsp.o(i.BSP_LCD_DrawBitmap), (288 bytes).
    Removing bsp.o(i.BSP_LCD_DrawCharS), (248 bytes).
    Removing bsp.o(i.BSP_LCD_DrawFastHLine), (124 bytes).
    Removing bsp.o(i.BSP_LCD_DrawPixel), (72 bytes).
    Removing bsp.o(i.BSP_LCD_Drawaxes), (292 bytes).
    Removing bsp.o(i.BSP_LCD_OutUDec), (144 bytes).
    Removing bsp.o(i.BSP_LCD_OutUDec4), (136 bytes).
    Removing bsp.o(i.BSP_LCD_OutUDec5), (136 bytes).
    Removing bsp.o(i.BSP_LCD_OutUFix2_1), (112 bytes).
    Removing bsp.o(i.BSP_LCD_OutUHex2), (112 bytes).
    Removing bsp.o(i.BSP_LCD_PlotIncrement), (56 bytes).
    Removing bsp.o(i.BSP_LCD_PlotPoint), (100 bytes).
    Removing bsp.o(i.BSP_LCD_SwapColor), (18 bytes).
    Removing bsp.o(i.BSP_LightSensor_End), (68 bytes).
    Removing bsp.o(i.BSP_LightSensor_Init), (84 bytes).
    Removing bsp.o(i.BSP_LightSensor_Input), (52 bytes).
    Removing bsp.o(i.BSP_LightSensor_Start), (28 bytes).
    Removing bsp.o(i.BSP_Microphone_Init), (164 bytes).
    Removing bsp.o(i.BSP_Microphone_Input), (44 bytes).
    Removing bsp.o(i.BSP_PeriodicTask_Init), (176 bytes).
    Removing bsp.o(i.BSP_PeriodicTask_InitB), (176 bytes).
    Removing bsp.o(i.BSP_PeriodicTask_InitC), (176 bytes).
    Removing bsp.o(i.BSP_PeriodicTask_Restart), (24 bytes).
    Removing bsp.o(i.BSP_PeriodicTask_Stop), (24 bytes).
    Removing bsp.o(i.BSP_PeriodicTask_StopB), (24 bytes).
    Removing bsp.o(i.BSP_PeriodicTask_StopC), (24 bytes).
    Removing bsp.o(i.BSP_RGB_D_Init), (344 bytes).
    Removing bsp.o(i.BSP_RGB_D_Set), (64 bytes).
    Removing bsp.o(i.BSP_RGB_D_Toggle), (60 bytes).
    Removing bsp.o(i.BSP_RGB_Init), (528 bytes).
    Removing bsp.o(i.BSP_RGB_Set), (80 bytes).
    Removing bsp.o(i.BSP_TempSensor_End), (76 bytes).
    Removing bsp.o(i.BSP_TempSensor_Init), (84 bytes).
    Removing bsp.o(i.BSP_TempSensor_Input), (60 bytes).
    Removing bsp.o(i.BSP_TempSensor_Start), (28 bytes).
    Removing bsp.o(i.BSP_Time_Get), (16 bytes).
    Removing bsp.o(i.BSP_Time_Init), (92 bytes).
    Removing bsp.o(i.I2C_Recv2), (112 bytes).
    Removing bsp.o(i.I2C_Send1), (72 bytes).
    Removing bsp.o(i.I2C_Send3), (176 bytes).
    Removing bsp.o(i.fillmessage), (72 bytes).
    Removing bsp.o(i.fillmessage2_1), (96 bytes).
    Removing bsp.o(i.fillmessage2_Hex), (84 bytes).
    Removing bsp.o(i.fillmessage4), (100 bytes).
    Removing bsp.o(i.fillmessage5), (128 bytes).
    Removing bsp.o(i.i2cinit), (152 bytes).
    Removing bsp.o(i.lightsensorend), (80 bytes).
    Removing bsp.o(i.lightsensorstart), (36 bytes).
    Removing bsp.o(i.tempsensorend), (68 bytes).
    Removing bsp.o(i.tempsensorstart), (18 bytes).
    Removing bsp.o(.bss), (12 bytes).
    Removing ball.o(i.Ball_GetDeletedCount), (12 bytes).
    Removing comm_lib.o(i.Button_Reset_IsPressed), (16 bytes).
    Removing system_tm4c123.o(.rev16_text), (4 bytes).
    Removing system_tm4c123.o(.revsh_text), (4 bytes).
    Removing system_tm4c123.o(.rrx_text), (6 bytes).
    Removing system_tm4c123.o(i.SystemCoreClockUpdate), (196 bytes).
    Removing system_tm4c123.o(i.SystemInit), (136 bytes).
    Removing system_tm4c123.o(i.getOscClk), (248 bytes).
    Removing system_tm4c123.o(.data), (4 bytes).

73 unused section(s) (total 7202 bytes) removed from the image.

==============================================================================

Image Symbol Table

    Local Symbols

    Symbol Name                              Value     Ov Type        Size  Object(Section)

    RESET                                    0x00000000   Section      620  startup_tm4c123.o(RESET)
    ../clib/angel/boardlib.s                 0x00000000   Number         0  boardinit1.o ABSOLUTE
    ../clib/angel/boardlib.s                 0x00000000   Number         0  boardshut.o ABSOLUTE
    ../clib/angel/boardlib.s                 0x00000000   Number         0  boardinit2.o ABSOLUTE
    ../clib/angel/boardlib.s                 0x00000000   Number         0  boardinit3.o ABSOLUTE
    ../clib/angel/handlers.s                 0x00000000   Number         0  __scatter_zi.o ABSOLUTE
    ../clib/angel/handlers.s                 0x00000000   Number         0  __scatter_copy.o ABSOLUTE
    ../clib/angel/kernel.s                   0x00000000   Number         0  __rtentry4.o ABSOLUTE
    ../clib/angel/kernel.s                   0x00000000   Number         0  rtexit.o ABSOLUTE
    ../clib/angel/kernel.s                   0x00000000   Number         0  __rtentry2.o ABSOLUTE
    ../clib/angel/kernel.s                   0x00000000   Number         0  __rtentry.o ABSOLUTE
    ../clib/angel/kernel.s                   0x00000000   Number         0  rtexit2.o ABSOLUTE
    ../clib/angel/rt.s                       0x00000000   Number         0  rt_raise.o ABSOLUTE
    ../clib/angel/scatter.s                  0x00000000   Number         0  __scatter.o ABSOLUTE
    ../clib/angel/startup.s                  0x00000000   Number         0  __main.o ABSOLUTE
    ../clib/angel/sys.s                      0x00000000   Number         0  use_no_semi.o ABSOLUTE
    ../clib/angel/sys.s                      0x00000000   Number         0  indicate_semi.o ABSOLUTE
    ../clib/angel/sys.s                      0x00000000   Number         0  sys_stackheap_outer.o ABSOLUTE
    ../clib/angel/sys.s                      0x00000000   Number         0  libspace.o ABSOLUTE
    ../clib/angel/sysapp.c                   0x00000000   Number         0  sys_wrch.o ABSOLUTE
    ../clib/angel/sysapp.c                   0x00000000   Number         0  sys_command.o ABSOLUTE
    ../clib/angel/sysapp.c                   0x00000000   Number         0  sys_exit.o ABSOLUTE
    ../clib/armsys.c                         0x00000000   Number         0  no_argv.o ABSOLUTE
    ../clib/armsys.c                         0x00000000   Number         0  _get_argv_nomalloc.o ABSOLUTE
    ../clib/armsys.c                         0x00000000   Number         0  argv_veneer.o ABSOLUTE
    ../clib/armsys.c                         0x00000000   Number         0  argv_veneer.o ABSOLUTE
    ../clib/heapalloc.c                      0x00000000   Number         0  hrguard.o ABSOLUTE
    ../clib/heapaux.c                        0x00000000   Number         0  heapauxi.o ABSOLUTE
    ../clib/libinit.s                        0x00000000   Number         0  libshutdown2.o ABSOLUTE
    ../clib/libinit.s                        0x00000000   Number         0  libinit2.o ABSOLUTE
    ../clib/libinit.s                        0x00000000   Number         0  libshutdown.o ABSOLUTE
    ../clib/libinit.s                        0x00000000   Number         0  libinit.o ABSOLUTE
    ../clib/signal.c                         0x00000000   Number         0  defsig_segv_inner.o ABSOLUTE
    ../clib/signal.c                         0x00000000   Number         0  defsig_cppl_inner.o ABSOLUTE
    ../clib/signal.c                         0x00000000   Number         0  defsig_pvfn_inner.o ABSOLUTE
    ../clib/signal.c                         0x00000000   Number         0  defsig_stak_inner.o ABSOLUTE
    ../clib/signal.c                         0x00000000   Number         0  defsig_fpe_inner.o ABSOLUTE
    ../clib/signal.c                         0x00000000   Number         0  defsig_abrt_inner.o ABSOLUTE
    ../clib/signal.c                         0x00000000   Number         0  defsig_general.o ABSOLUTE
    ../clib/signal.c                         0x00000000   Number         0  defsig_rtmem_formal.o ABSOLUTE
    ../clib/signal.c                         0x00000000   Number         0  __raise.o ABSOLUTE
    ../clib/signal.c                         0x00000000   Number         0  defsig_rtmem_inner.o ABSOLUTE
    ../clib/signal.c                         0x00000000   Number         0  defsig_other.o ABSOLUTE
    ../clib/signal.c                         0x00000000   Number         0  defsig_rtred_inner.o ABSOLUTE
    ../clib/signal.c                         0x00000000   Number         0  defsig_rtmem_outer.o ABSOLUTE
    ../clib/signal.c                         0x00000000   Number         0  defsig_exit.o ABSOLUTE
    ../clib/signal.s                         0x00000000   Number         0  defsig.o ABSOLUTE
    ../clib/stdlib.c                         0x00000000   Number         0  exit.o ABSOLUTE
    ../fplib/fpinit.s                        0x00000000   Number         0  fpinit.o ABSOLUTE
    ..\\inc\\BSP.c                           0x00000000   Number         0  bsp.o ABSOLUTE
    ..\inc\BSP.c                             0x00000000   Number         0  bsp.o ABSOLUTE
    RTE/Device/TM4C123GH6PM/startup_TM4C123.s 0x00000000   Number         0  startup_tm4c123.o ABSOLUTE
    RTE/Device/TM4C123GH6PM/system_TM4C123.c 0x00000000   Number         0  system_tm4c123.o ABSOLUTE
    RTE\Device\TM4C123GH6PM\system_TM4C123.c 0x00000000   Number         0  system_tm4c123.o ABSOLUTE
    ball.c                                   0x00000000   Number         0  ball.o ABSOLUTE
    comm_lib.c                               0x00000000   Number         0  comm_lib.o ABSOLUTE
    dc.s                                     0x00000000   Number         0  dc.o ABSOLUTE
    main.c                                   0x00000000   Number         0  main.o ABSOLUTE
    os.c                                     0x00000000   Number         0  os.o ABSOLUTE
    osasm.s                                  0x00000000   Number         0  osasm.o ABSOLUTE
    paddle.c                                 0x00000000   Number         0  paddle.o ABSOLUTE
    walls.c                                  0x00000000   Number         0  walls.o ABSOLUTE
    !!!main                                  0x0000026c   Section        8  __main.o(!!!main)
    !!!scatter                               0x00000274   Section       52  __scatter.o(!!!scatter)
    !!handler_copy                           0x000002a8   Section       26  __scatter_copy.o(!!handler_copy)
    !!handler_zi                             0x000002c4   Section       28  __scatter_zi.o(!!handler_zi)
    .ARM.Collect$$libinit$$00000000          0x000002e0   Section        2  libinit.o(.ARM.Collect$$libinit$$00000000)
    .ARM.Collect$$libinit$$00000002          0x000002e2   Section        0  libinit2.o(.ARM.Collect$$libinit$$00000002)
    .ARM.Collect$$libinit$$00000004          0x000002e2   Section        0  libinit2.o(.ARM.Collect$$libinit$$00000004)
    .ARM.Collect$$libinit$$0000000A          0x000002e2   Section        0  libinit2.o(.ARM.Collect$$libinit$$0000000A)
    .ARM.Collect$$libinit$$0000000C          0x000002e2   Section        0  libinit2.o(.ARM.Collect$$libinit$$0000000C)
    .ARM.Collect$$libinit$$0000000E          0x000002e2   Section        0  libinit2.o(.ARM.Collect$$libinit$$0000000E)
    .ARM.Collect$$libinit$$00000011          0x000002e2   Section        0  libinit2.o(.ARM.Collect$$libinit$$00000011)
    .ARM.Collect$$libinit$$00000013          0x000002e2   Section        0  libinit2.o(.ARM.Collect$$libinit$$00000013)
    .ARM.Collect$$libinit$$00000015          0x000002e2   Section        0  libinit2.o(.ARM.Collect$$libinit$$00000015)
    .ARM.Collect$$libinit$$00000017          0x000002e2   Section        0  libinit2.o(.ARM.Collect$$libinit$$00000017)
    .ARM.Collect$$libinit$$00000019          0x000002e2   Section        0  libinit2.o(.ARM.Collect$$libinit$$00000019)
    .ARM.Collect$$libinit$$0000001B          0x000002e2   Section        0  libinit2.o(.ARM.Collect$$libinit$$0000001B)
    .ARM.Collect$$libinit$$0000001D          0x000002e2   Section        0  libinit2.o(.ARM.Collect$$libinit$$0000001D)
    .ARM.Collect$$libinit$$0000001F          0x000002e2   Section        0  libinit2.o(.ARM.Collect$$libinit$$0000001F)
    .ARM.Collect$$libinit$$00000021          0x000002e2   Section        0  libinit2.o(.ARM.Collect$$libinit$$00000021)
    .ARM.Collect$$libinit$$00000023          0x000002e2   Section        0  libinit2.o(.ARM.Collect$$libinit$$00000023)
    .ARM.Collect$$libinit$$00000025          0x000002e2   Section        0  libinit2.o(.ARM.Collect$$libinit$$00000025)
    .ARM.Collect$$libinit$$0000002C          0x000002e2   Section        0  libinit2.o(.ARM.Collect$$libinit$$0000002C)
    .ARM.Collect$$libinit$$0000002E          0x000002e2   Section        0  libinit2.o(.ARM.Collect$$libinit$$0000002E)
    .ARM.Collect$$libinit$$00000030          0x000002e2   Section        0  libinit2.o(.ARM.Collect$$libinit$$00000030)
    .ARM.Collect$$libinit$$00000032          0x000002e2   Section        0  libinit2.o(.ARM.Collect$$libinit$$00000032)
    .ARM.Collect$$libinit$$00000033          0x000002e2   Section        2  libinit2.o(.ARM.Collect$$libinit$$00000033)
    .ARM.Collect$$libshutdown$$00000000      0x000002e4   Section        2  libshutdown.o(.ARM.Collect$$libshutdown$$00000000)
    .ARM.Collect$$libshutdown$$00000002      0x000002e6   Section        0  libshutdown2.o(.ARM.Collect$$libshutdown$$00000002)
    .ARM.Collect$$libshutdown$$00000004      0x000002e6   Section        0  libshutdown2.o(.ARM.Collect$$libshutdown$$00000004)
    .ARM.Collect$$libshutdown$$00000006      0x000002e6   Section        0  libshutdown2.o(.ARM.Collect$$libshutdown$$00000006)
    .ARM.Collect$$libshutdown$$00000009      0x000002e6   Section        0  libshutdown2.o(.ARM.Collect$$libshutdown$$00000009)
    .ARM.Collect$$libshutdown$$0000000C      0x000002e6   Section        0  libshutdown2.o(.ARM.Collect$$libshutdown$$0000000C)
    .ARM.Collect$$libshutdown$$0000000E      0x000002e6   Section        0  libshutdown2.o(.ARM.Collect$$libshutdown$$0000000E)
    .ARM.Collect$$libshutdown$$00000011      0x000002e6   Section        0  libshutdown2.o(.ARM.Collect$$libshutdown$$00000011)
    .ARM.Collect$$libshutdown$$00000012      0x000002e6   Section        2  libshutdown2.o(.ARM.Collect$$libshutdown$$00000012)
    .ARM.Collect$$rtentry$$00000000          0x000002e8   Section        0  __rtentry.o(.ARM.Collect$$rtentry$$00000000)
    .ARM.Collect$$rtentry$$00000002          0x000002e8   Section        0  __rtentry2.o(.ARM.Collect$$rtentry$$00000002)
    .ARM.Collect$$rtentry$$00000004          0x000002e8   Section        6  __rtentry4.o(.ARM.Collect$$rtentry$$00000004)
    .ARM.Collect$$rtentry$$00000009          0x000002ee   Section        0  __rtentry2.o(.ARM.Collect$$rtentry$$00000009)
    .ARM.Collect$$rtentry$$0000000A          0x000002ee   Section        4  __rtentry2.o(.ARM.Collect$$rtentry$$0000000A)
    .ARM.Collect$$rtentry$$0000000C          0x000002f2   Section        0  __rtentry2.o(.ARM.Collect$$rtentry$$0000000C)
    .ARM.Collect$$rtentry$$0000000D          0x000002f2   Section        8  __rtentry2.o(.ARM.Collect$$rtentry$$0000000D)
    .ARM.Collect$$rtexit$$00000000           0x000002fa   Section        2  rtexit.o(.ARM.Collect$$rtexit$$00000000)
    .ARM.Collect$$rtexit$$00000002           0x000002fc   Section        0  rtexit2.o(.ARM.Collect$$rtexit$$00000002)
    .ARM.Collect$$rtexit$$00000003           0x000002fc   Section        4  rtexit2.o(.ARM.Collect$$rtexit$$00000003)
    .ARM.Collect$$rtexit$$00000004           0x00000300   Section        6  rtexit2.o(.ARM.Collect$$rtexit$$00000004)
    .emb_text                                0x00000308   Section        6  bsp.o(.emb_text)
    .text                                    0x00000310   Section       76  osasm.o(.text)
    .text                                    0x0000035c   Section      292  startup_tm4c123.o(.text)
    .text                                    0x00000480   Section        0  heapauxi.o(.text)
    .text                                    0x00000486   Section       74  sys_stackheap_outer.o(.text)
    .text                                    0x000004d0   Section        0  exit.o(.text)
    .text                                    0x000004e4   Section        8  libspace.o(.text)
    .text                                    0x000004ec   Section        0  sys_exit.o(.text)
    .text                                    0x000004f8   Section        2  use_no_semi.o(.text)
    .text                                    0x000004fa   Section        0  indicate_semi.o(.text)
    i.BSP_Clock_InitFastest                  0x000004fc   Section        0  bsp.o(i.BSP_Clock_InitFastest)
    i.BSP_Delay1ms                           0x00000578   Section        0  bsp.o(i.BSP_Delay1ms)
    i.BSP_Joystick_Init                      0x00000590   Section        0  bsp.o(i.BSP_Joystick_Init)
    i.BSP_Joystick_Input                     0x000006c0   Section        0  bsp.o(i.BSP_Joystick_Input)
    i.BSP_LCD_DrawChar                       0x00000700   Section        0  bsp.o(i.BSP_LCD_DrawChar)
    i.BSP_LCD_DrawFastVLine                  0x00000810   Section        0  bsp.o(i.BSP_LCD_DrawFastVLine)
    i.BSP_LCD_DrawString                     0x0000088c   Section        0  bsp.o(i.BSP_LCD_DrawString)
    i.BSP_LCD_FillRect                       0x000008e4   Section        0  bsp.o(i.BSP_LCD_FillRect)
    i.BSP_LCD_FillScreen                     0x00000990   Section        0  bsp.o(i.BSP_LCD_FillScreen)
    i.BSP_LCD_Init                           0x000009b4   Section        0  bsp.o(i.BSP_LCD_Init)
    i.BSP_LCD_SetCursor                      0x000009c0   Section        0  bsp.o(i.BSP_LCD_SetCursor)
    i.Ball_ClearAll                          0x000009e0   Section        0  ball.o(i.Ball_ClearAll)
    i.Ball_Init                              0x00000a1c   Section        0  ball.o(i.Ball_Init)
    i.Ball_ResetScore                        0x00000a64   Section        0  ball.o(i.Ball_ResetScore)
    i.Ball_SpawnNew                          0x00000a84   Section        0  ball.o(i.Ball_SpawnNew)
    i.Ball_Update                            0x00000a8c   Section        0  ball.o(i.Ball_Update)
    i.Button_IsPressed                       0x00000b30   Section        0  comm_lib.o(i.Button_IsPressed)
    i.CommSignalThread                       0x00000b44   Section        0  main.o(i.CommSignalThread)
    i.CommThread                             0x00000b54   Section        0  main.o(i.CommThread)
    i.Comm_CheckReceived                     0x00000b9c   Section        0  comm_lib.o(i.Comm_CheckReceived)
    i.Comm_Init                              0x00000bac   Section        0  comm_lib.o(i.Comm_Init)
    i.Comm_SendTrigger                       0x00000c74   Section        0  comm_lib.o(i.Comm_SendTrigger)
    i.Game_Updater                           0x00000cb4   Section        0  main.o(i.Game_Updater)
    i.Idle                                   0x00000cc0   Section        0  main.o(i.Idle)
    i.LED_Set                                0x00000cc4   Section        0  comm_lib.o(i.LED_Set)
    i.OS_AddPeriodicEventThread              0x00000cf0   Section        0  os.o(i.OS_AddPeriodicEventThread)
    i.OS_AddThreads                          0x00000d40   Section        0  os.o(i.OS_AddThreads)
    i.OS_Init                                0x00000e14   Section        0  os.o(i.OS_Init)
    i.OS_InitSemaphore                       0x00000e4c   Section        0  os.o(i.OS_InitSemaphore)
    i.OS_Launch                              0x00000e50   Section        0  os.o(i.OS_Launch)
    i.OS_Signal                              0x00000e84   Section        0  os.o(i.OS_Signal)
    i.OS_Sleep                               0x00000ebc   Section        0  os.o(i.OS_Sleep)
    i.OS_Suspend                             0x00000ed8   Section        0  os.o(i.OS_Suspend)
    i.OS_Wait                                0x00000ef0   Section        0  os.o(i.OS_Wait)
    i.Paddle_GetX                            0x00000f20   Section        0  paddle.o(i.Paddle_GetX)
    i.Paddle_Init                            0x00000f2c   Section        0  paddle.o(i.Paddle_Init)
    i.Paddle_Update                          0x00000f48   Section        0  paddle.o(i.Paddle_Update)
    i.ST7735_InitR                           0x00000fe0   Section        0  bsp.o(i.ST7735_InitR)
    ST7735_InitR                             0x00000fe1   Thumb Code    86  bsp.o(i.ST7735_InitR)
    i.Scheduler                              0x00001054   Section        0  os.o(i.Scheduler)
    i.SetInitialStack                        0x00001080   Section        0  os.o(i.SetInitialStack)
    i.Walls_Draw                             0x000011d0   Section        0  walls.o(i.Walls_Draw)
    i.WideTimer3A_Handler                    0x0000120c   Section        0  bsp.o(i.WideTimer3A_Handler)
    i.WideTimer4A_Handler                    0x00001224   Section        0  bsp.o(i.WideTimer4A_Handler)
    i.WideTimer5A_Handler                    0x0000123c   Section        0  bsp.o(i.WideTimer5A_Handler)
    i.adcinit                                0x00001254   Section        0  bsp.o(i.adcinit)
    adcinit                                  0x00001255   Thumb Code    52  bsp.o(i.adcinit)
    i.applyNudge                             0x00001294   Section        0  ball.o(i.applyNudge)
    applyNudge                               0x00001295   Thumb Code    52  ball.o(i.applyNudge)
    i.commandList                            0x000012d0   Section        0  bsp.o(i.commandList)
    commandList                              0x000012d1   Thumb Code    86  bsp.o(i.commandList)
    i.commonInit                             0x00001328   Section        0  bsp.o(i.commonInit)
    commonInit                               0x00001329   Thumb Code   434  bsp.o(i.commonInit)
    i.drawBall                               0x00001518   Section        0  ball.o(i.drawBall)
    drawBall                                 0x00001519   Thumb Code    28  ball.o(i.drawBall)
    i.drawScore                              0x00001534   Section        0  ball.o(i.drawScore)
    drawScore                                0x00001535   Thumb Code    54  ball.o(i.drawScore)
    i.erasePrev                              0x0000158c   Section        0  ball.o(i.erasePrev)
    erasePrev                                0x0000158d   Thumb Code    48  ball.o(i.erasePrev)
    i.main                                   0x000015bc   Section        0  main.o(i.main)
    i.pushColor                              0x00001638   Section        0  bsp.o(i.pushColor)
    pushColor                                0x00001639   Thumb Code    18  bsp.o(i.pushColor)
    i.runperiodicevents                      0x0000164c   Section        0  os.o(i.runperiodicevents)
    runperiodicevents                        0x0000164d   Thumb Code   126  os.o(i.runperiodicevents)
    i.setAddrWindow                          0x000016d4   Section        0  bsp.o(i.setAddrWindow)
    setAddrWindow                            0x000016d5   Thumb Code   106  bsp.o(i.setAddrWindow)
    i.spawnAtCenter                          0x00001748   Section        0  ball.o(i.spawnAtCenter)
    spawnAtCenter                            0x00001749   Thumb Code   134  ball.o(i.spawnAtCenter)
    i.u32ToStr                               0x000017d4   Section        0  ball.o(i.u32ToStr)
    u32ToStr                                 0x000017d5   Thumb Code    82  ball.o(i.u32ToStr)
    i.updateOne                              0x00001828   Section        0  ball.o(i.updateOne)
    updateOne                                0x00001829   Thumb Code   236  ball.o(i.updateOne)
    i.writecommand                           0x00001918   Section        0  bsp.o(i.writecommand)
    writecommand                             0x00001919   Thumb Code    62  bsp.o(i.writecommand)
    i.writedata                              0x00001960   Section        0  bsp.o(i.writedata)
    writedata                                0x00001961   Thumb Code    64  bsp.o(i.writedata)
    .constdata                               0x000019a8   Section     1403  bsp.o(.constdata)
    Font                                     0x000019a8   Data        1275  bsp.o(.constdata)
    Rcmd1                                    0x00001ea3   Data          59  bsp.o(.constdata)
    Rcmd2green                               0x00001ede   Data          13  bsp.o(.constdata)
    Rcmd2red                                 0x00001eeb   Data          13  bsp.o(.constdata)
    Rcmd3                                    0x00001ef8   Data          43  bsp.o(.constdata)
    .constdata                               0x00001f23   Section        9  ball.o(.constdata)
    nudgeTable                               0x00001f23   Data           9  ball.o(.constdata)
    .data                                    0x20000000   Section       28  os.o(.data)
    index                                    0x20000018   Data           4  os.o(.data)
    .data                                    0x2000001c   Section       68  bsp.o(.data)
    ClockFrequency                           0x2000001c   Data           4  bsp.o(.data)
    PWMCycles                                0x20000020   Data           2  bsp.o(.data)
    ColStart                                 0x2000002e   Data           1  bsp.o(.data)
    RowStart                                 0x2000002f   Data           1  bsp.o(.data)
    _width                                   0x20000030   Data           2  bsp.o(.data)
    _height                                  0x20000032   Data           2  bsp.o(.data)
    .data                                    0x20000060   Section       14  ball.o(.data)
    lastButton                               0x20000060   Data           1  ball.o(.data)
    deletedCnt                               0x20000064   Data           4  ball.o(.data)
    lastShown                                0x20000068   Data           4  ball.o(.data)
    nudgeIndex                               0x2000006c   Data           1  ball.o(.data)
    lastSelectState                          0x2000006d   Data           1  ball.o(.data)
    .data                                    0x20000070   Section       16  main.o(.data)
    ledPrev                                  0x20000070   Data           1  main.o(.data)
    prevLevel                                0x20000078   Data           1  main.o(.data)
    riseCount                                0x2000007c   Data           4  main.o(.data)
    .data                                    0x20000080   Section        9  paddle.o(.data)
    paddleX                                  0x20000080   Data           2  paddle.o(.data)
    prevPaddleX                              0x20000082   Data           2  paddle.o(.data)
    joyX                                     0x20000084   Data           2  paddle.o(.data)
    joyY                                     0x20000086   Data           2  paddle.o(.data)
    select                                   0x20000088   Data           1  paddle.o(.data)
    .bss                                     0x2000008c   Section     2560  os.o(.bss)
    .bss                                     0x20000a8c   Section       48  ball.o(.bss)
    balls                                    0x20000a8c   Data          48  ball.o(.bss)
    .bss                                     0x20000abc   Section       96  libspace.o(.bss)
    HEAP                                     0x20000b20   Section        0  startup_tm4c123.o(HEAP)
    STACK                                    0x20000b20   Section      512  startup_tm4c123.o(STACK)
    Heap_Mem                                 0x20000b20   Data           0  startup_tm4c123.o(HEAP)
    Stack_Mem                                0x20000b20   Data         512  startup_tm4c123.o(STACK)
    __initial_sp                             0x20000d20   Data           0  startup_tm4c123.o(STACK)

    Global Symbols

    Symbol Name                              Value     Ov Type        Size  Object(Section)

    BuildAttributes$$THM_ISAv4$E$P$D$K$B$S$7EM$PE$A:L22UL41UL21$X:L11$S22US41US21$IEEE1$IW$USESV6$~STKCKD$USESV7$~SHL$OSPACE$ROPI$EBA8$UX$STANDARDLIB$REQ8$PRES8$EABIv2 0x00000000   Number         0  anon$$obj.o ABSOLUTE
    __ARM_use_no_argv                        0x00000000   Number         0  main.o ABSOLUTE
    __Vectors                                0x00000000   Data           4  startup_tm4c123.o(RESET)
    __ARM_exceptions_init                     - Undefined Weak Reference
    __alloca_initialize                       - Undefined Weak Reference
    __arm_fini_                               - Undefined Weak Reference
    __arm_preinit_                            - Undefined Weak Reference
    __cpp_initialize__aeabi_                  - Undefined Weak Reference
    __cxa_finalize                            - Undefined Weak Reference
    __rt_locale                               - Undefined Weak Reference
    __sigvec_lookup                           - Undefined Weak Reference
    _atexit_init                              - Undefined Weak Reference
    _call_atexit_fns                          - Undefined Weak Reference
    _clock_init                               - Undefined Weak Reference
    _fp_trap_init                             - Undefined Weak Reference
    _fp_trap_shutdown                         - Undefined Weak Reference
    _get_lc_collate                           - Undefined Weak Reference
    _get_lc_ctype                             - Undefined Weak Reference
    _get_lc_monetary                          - Undefined Weak Reference
    _get_lc_numeric                           - Undefined Weak Reference
    _get_lc_time                              - Undefined Weak Reference
    _getenv_init                              - Undefined Weak Reference
    _handle_redirection                       - Undefined Weak Reference
    _init_alloc                               - Undefined Weak Reference
    _init_user_alloc                          - Undefined Weak Reference
    _initio                                   - Undefined Weak Reference
    _rand_init                                - Undefined Weak Reference
    _signal_finish                            - Undefined Weak Reference
    _signal_init                              - Undefined Weak Reference
    _terminate_alloc                          - Undefined Weak Reference
    _terminate_user_alloc                     - Undefined Weak Reference
    _terminateio                              - Undefined Weak Reference
    __Vectors_End                            0x0000026c   Data           0  startup_tm4c123.o(RESET)
    __Vectors_Size                           0x0000026c   Number         0  startup_tm4c123.o ABSOLUTE
    __main                                   0x0000026d   Thumb Code     8  __main.o(!!!main)
    __scatterload                            0x00000275   Thumb Code     0  __scatter.o(!!!scatter)
    __scatterload_rt2                        0x00000275   Thumb Code    44  __scatter.o(!!!scatter)
    __scatterload_rt2_thumb_only             0x00000275   Thumb Code     0  __scatter.o(!!!scatter)
    __scatterload_null                       0x00000283   Thumb Code     0  __scatter.o(!!!scatter)
    __scatterload_copy                       0x000002a9   Thumb Code    26  __scatter_copy.o(!!handler_copy)
    __scatterload_zeroinit                   0x000002c5   Thumb Code    28  __scatter_zi.o(!!handler_zi)
    __rt_lib_init                            0x000002e1   Thumb Code     0  libinit.o(.ARM.Collect$$libinit$$00000000)
    __rt_lib_init_alloca_1                   0x000002e3   Thumb Code     0  libinit2.o(.ARM.Collect$$libinit$$0000002E)
    __rt_lib_init_argv_1                     0x000002e3   Thumb Code     0  libinit2.o(.ARM.Collect$$libinit$$0000002C)
    __rt_lib_init_atexit_1                   0x000002e3   Thumb Code     0  libinit2.o(.ARM.Collect$$libinit$$0000001B)
    __rt_lib_init_clock_1                    0x000002e3   Thumb Code     0  libinit2.o(.ARM.Collect$$libinit$$00000021)
    __rt_lib_init_cpp_1                      0x000002e3   Thumb Code     0  libinit2.o(.ARM.Collect$$libinit$$00000032)
    __rt_lib_init_exceptions_1               0x000002e3   Thumb Code     0  libinit2.o(.ARM.Collect$$libinit$$00000030)
    __rt_lib_init_fp_1                       0x000002e3   Thumb Code     0  libinit2.o(.ARM.Collect$$libinit$$00000002)
    __rt_lib_init_fp_trap_1                  0x000002e3   Thumb Code     0  libinit2.o(.ARM.Collect$$libinit$$0000001F)
    __rt_lib_init_getenv_1                   0x000002e3   Thumb Code     0  libinit2.o(.ARM.Collect$$libinit$$00000023)
    __rt_lib_init_heap_1                     0x000002e3   Thumb Code     0  libinit2.o(.ARM.Collect$$libinit$$0000000A)
    __rt_lib_init_lc_collate_1               0x000002e3   Thumb Code     0  libinit2.o(.ARM.Collect$$libinit$$00000011)
    __rt_lib_init_lc_ctype_1                 0x000002e3   Thumb Code     0  libinit2.o(.ARM.Collect$$libinit$$00000013)
    __rt_lib_init_lc_monetary_1              0x000002e3   Thumb Code     0  libinit2.o(.ARM.Collect$$libinit$$00000015)
    __rt_lib_init_lc_numeric_1               0x000002e3   Thumb Code     0  libinit2.o(.ARM.Collect$$libinit$$00000017)
    __rt_lib_init_lc_time_1                  0x000002e3   Thumb Code     0  libinit2.o(.ARM.Collect$$libinit$$00000019)
    __rt_lib_init_preinit_1                  0x000002e3   Thumb Code     0  libinit2.o(.ARM.Collect$$libinit$$00000004)
    __rt_lib_init_rand_1                     0x000002e3   Thumb Code     0  libinit2.o(.ARM.Collect$$libinit$$0000000E)
    __rt_lib_init_return                     0x000002e3   Thumb Code     0  libinit2.o(.ARM.Collect$$libinit$$00000033)
    __rt_lib_init_signal_1                   0x000002e3   Thumb Code     0  libinit2.o(.ARM.Collect$$libinit$$0000001D)
    __rt_lib_init_stdio_1                    0x000002e3   Thumb Code     0  libinit2.o(.ARM.Collect$$libinit$$00000025)
    __rt_lib_init_user_alloc_1               0x000002e3   Thumb Code     0  libinit2.o(.ARM.Collect$$libinit$$0000000C)
    __rt_lib_shutdown                        0x000002e5   Thumb Code     0  libshutdown.o(.ARM.Collect$$libshutdown$$00000000)
    __rt_lib_shutdown_cpp_1                  0x000002e7   Thumb Code     0  libshutdown2.o(.ARM.Collect$$libshutdown$$00000004)
    __rt_lib_shutdown_fini_1                 0x000002e7   Thumb Code     0  libshutdown2.o(.ARM.Collect$$libshutdown$$00000002)
    __rt_lib_shutdown_fp_trap_1              0x000002e7   Thumb Code     0  libshutdown2.o(.ARM.Collect$$libshutdown$$00000009)
    __rt_lib_shutdown_heap_1                 0x000002e7   Thumb Code     0  libshutdown2.o(.ARM.Collect$$libshutdown$$00000011)
    __rt_lib_shutdown_return                 0x000002e7   Thumb Code     0  libshutdown2.o(.ARM.Collect$$libshutdown$$00000012)
    __rt_lib_shutdown_signal_1               0x000002e7   Thumb Code     0  libshutdown2.o(.ARM.Collect$$libshutdown$$0000000C)
    __rt_lib_shutdown_stdio_1                0x000002e7   Thumb Code     0  libshutdown2.o(.ARM.Collect$$libshutdown$$00000006)
    __rt_lib_shutdown_user_alloc_1           0x000002e7   Thumb Code     0  libshutdown2.o(.ARM.Collect$$libshutdown$$0000000E)
    __rt_entry                               0x000002e9   Thumb Code     0  __rtentry.o(.ARM.Collect$$rtentry$$00000000)
    __rt_entry_presh_1                       0x000002e9   Thumb Code     0  __rtentry2.o(.ARM.Collect$$rtentry$$00000002)
    __rt_entry_sh                            0x000002e9   Thumb Code     0  __rtentry4.o(.ARM.Collect$$rtentry$$00000004)
    __rt_entry_li                            0x000002ef   Thumb Code     0  __rtentry2.o(.ARM.Collect$$rtentry$$0000000A)
    __rt_entry_postsh_1                      0x000002ef   Thumb Code     0  __rtentry2.o(.ARM.Collect$$rtentry$$00000009)
    __rt_entry_main                          0x000002f3   Thumb Code     0  __rtentry2.o(.ARM.Collect$$rtentry$$0000000D)
    __rt_entry_postli_1                      0x000002f3   Thumb Code     0  __rtentry2.o(.ARM.Collect$$rtentry$$0000000C)
    __rt_exit                                0x000002fb   Thumb Code     0  rtexit.o(.ARM.Collect$$rtexit$$00000000)
    __rt_exit_ls                             0x000002fd   Thumb Code     0  rtexit2.o(.ARM.Collect$$rtexit$$00000003)
    __rt_exit_prels_1                        0x000002fd   Thumb Code     0  rtexit2.o(.ARM.Collect$$rtexit$$00000002)
    __rt_exit_exit                           0x00000301   Thumb Code     0  rtexit2.o(.ARM.Collect$$rtexit$$00000004)
    parrotdelay                              0x00000309   Thumb Code     6  bsp.o(.emb_text)
    SysTick_Handler                          0x00000311   Thumb Code     0  osasm.o(.text)
    StartOS                                  0x00000339   Thumb Code     0  osasm.o(.text)
    Reset_Handler                            0x0000035d   Thumb Code     4  startup_tm4c123.o(.text)
    NMI_Handler                              0x00000361   Thumb Code     2  startup_tm4c123.o(.text)
    HardFault_Handler                        0x00000363   Thumb Code     2  startup_tm4c123.o(.text)
    MemManage_Handler                        0x00000365   Thumb Code     2  startup_tm4c123.o(.text)
    BusFault_Handler                         0x00000367   Thumb Code     2  startup_tm4c123.o(.text)
    UsageFault_Handler                       0x00000369   Thumb Code     2  startup_tm4c123.o(.text)
    SVC_Handler                              0x0000036b   Thumb Code     2  startup_tm4c123.o(.text)
    DebugMon_Handler                         0x0000036d   Thumb Code     2  startup_tm4c123.o(.text)
    PendSV_Handler                           0x0000036f   Thumb Code     2  startup_tm4c123.o(.text)
    GPIOPortA_Handler                        0x00000373   Thumb Code     2  startup_tm4c123.o(.text)
    GPIOPortB_Handler                        0x00000375   Thumb Code     2  startup_tm4c123.o(.text)
    GPIOPortC_Handler                        0x00000377   Thumb Code     2  startup_tm4c123.o(.text)
    GPIOPortD_Handler                        0x00000379   Thumb Code     2  startup_tm4c123.o(.text)
    GPIOPortE_Handler                        0x0000037b   Thumb Code     2  startup_tm4c123.o(.text)
    UART0_Handler                            0x0000037d   Thumb Code     2  startup_tm4c123.o(.text)
    UART1_Handler                            0x0000037f   Thumb Code     2  startup_tm4c123.o(.text)
    SSI0_Handler                             0x00000381   Thumb Code     2  startup_tm4c123.o(.text)
    I2C0_Handler                             0x00000383   Thumb Code     2  startup_tm4c123.o(.text)
    PMW0_FAULT_Handler                       0x00000385   Thumb Code     2  startup_tm4c123.o(.text)
    PWM0Generator0_Handler                   0x00000387   Thumb Code     2  startup_tm4c123.o(.text)
    PWM0Generator1_Handler                   0x00000389   Thumb Code     2  startup_tm4c123.o(.text)
    PWM0Generator2_Handler                   0x0000038b   Thumb Code     2  startup_tm4c123.o(.text)
    Quadrature0_Handler                      0x0000038d   Thumb Code     2  startup_tm4c123.o(.text)
    ADC0Seq0_Handler                         0x0000038f   Thumb Code     2  startup_tm4c123.o(.text)
    ADC0Seq1_Handler                         0x00000391   Thumb Code     2  startup_tm4c123.o(.text)
    ADC0Seq2_Handler                         0x00000393   Thumb Code     2  startup_tm4c123.o(.text)
    ADC0Seq3_Handler                         0x00000395   Thumb Code     2  startup_tm4c123.o(.text)
    WDT_Handler                              0x00000397   Thumb Code     2  startup_tm4c123.o(.text)
    TIMER0A_Handler                          0x00000399   Thumb Code     2  startup_tm4c123.o(.text)
    TIMER0B_Handler                          0x0000039b   Thumb Code     2  startup_tm4c123.o(.text)
    TIMER1A_Handler                          0x0000039d   Thumb Code     2  startup_tm4c123.o(.text)
    TIMER1B_Handler                          0x0000039f   Thumb Code     2  startup_tm4c123.o(.text)
    TIMER2A_Handler                          0x000003a1   Thumb Code     2  startup_tm4c123.o(.text)
    TIMER2B_Handler                          0x000003a3   Thumb Code     2  startup_tm4c123.o(.text)
    COMP0_Handler                            0x000003a5   Thumb Code     2  startup_tm4c123.o(.text)
    COMP1_Handler                            0x000003a7   Thumb Code     2  startup_tm4c123.o(.text)
    COMP2_Handler                            0x000003a9   Thumb Code     2  startup_tm4c123.o(.text)
    SYSCTL_Handler                           0x000003ab   Thumb Code     2  startup_tm4c123.o(.text)
    FlashCtl_Handler                         0x000003ad   Thumb Code     2  startup_tm4c123.o(.text)
    GPIOPortF_Handler                        0x000003af   Thumb Code     2  startup_tm4c123.o(.text)
    GPIOPortG_Handler                        0x000003b1   Thumb Code     2  startup_tm4c123.o(.text)
    GPIOPortH_Handler                        0x000003b3   Thumb Code     2  startup_tm4c123.o(.text)
    UART2_Handler                            0x000003b5   Thumb Code     2  startup_tm4c123.o(.text)
    SSI1_Handler                             0x000003b7   Thumb Code     2  startup_tm4c123.o(.text)
    TIMER3A_Handler                          0x000003b9   Thumb Code     2  startup_tm4c123.o(.text)
    TIMER3B_Handler                          0x000003bb   Thumb Code     2  startup_tm4c123.o(.text)
    I2C1_Handler                             0x000003bd   Thumb Code     2  startup_tm4c123.o(.text)
    Quadrature1_Handler                      0x000003bf   Thumb Code     2  startup_tm4c123.o(.text)
    CAN0_Handler                             0x000003c1   Thumb Code     2  startup_tm4c123.o(.text)
    CAN1_Handler                             0x000003c3   Thumb Code     2  startup_tm4c123.o(.text)
    CAN2_Handler                             0x000003c5   Thumb Code     2  startup_tm4c123.o(.text)
    Hibernate_Handler                        0x000003c7   Thumb Code     2  startup_tm4c123.o(.text)
    USB0_Handler                             0x000003c9   Thumb Code     2  startup_tm4c123.o(.text)
    PWM0Generator3_Handler                   0x000003cb   Thumb Code     2  startup_tm4c123.o(.text)
    UDMA_Handler                             0x000003cd   Thumb Code     2  startup_tm4c123.o(.text)
    UDMAERR_Handler                          0x000003cf   Thumb Code     2  startup_tm4c123.o(.text)
    ADC1Seq0_Handler                         0x000003d1   Thumb Code     2  startup_tm4c123.o(.text)
    ADC1Seq1_Handler                         0x000003d3   Thumb Code     2  startup_tm4c123.o(.text)
    ADC1Seq2_Handler                         0x000003d5   Thumb Code     2  startup_tm4c123.o(.text)
    ADC1Seq3_Handler                         0x000003d7   Thumb Code     2  startup_tm4c123.o(.text)
    GPIOPortJ_Handler                        0x000003d9   Thumb Code     2  startup_tm4c123.o(.text)
    GPIOPortK_Handler                        0x000003db   Thumb Code     2  startup_tm4c123.o(.text)
    GPIOPortL_Handler                        0x000003dd   Thumb Code     2  startup_tm4c123.o(.text)
    SSI2_Handler                             0x000003df   Thumb Code     2  startup_tm4c123.o(.text)
    SSI3_Handler                             0x000003e1   Thumb Code     2  startup_tm4c123.o(.text)
    UART3_Handler                            0x000003e3   Thumb Code     2  startup_tm4c123.o(.text)
    UART4_Handler                            0x000003e5   Thumb Code     2  startup_tm4c123.o(.text)
    UART5_Handler                            0x000003e7   Thumb Code     2  startup_tm4c123.o(.text)
    UART6_Handler                            0x000003e9   Thumb Code     2  startup_tm4c123.o(.text)
    UART7_Handler                            0x000003eb   Thumb Code     2  startup_tm4c123.o(.text)
    I2C2_Handler                             0x000003ed   Thumb Code     2  startup_tm4c123.o(.text)
    I2C3_Handler                             0x000003ef   Thumb Code     2  startup_tm4c123.o(.text)
    TIMER4A_Handler                          0x000003f1   Thumb Code     2  startup_tm4c123.o(.text)
    TIMER4B_Handler                          0x000003f3   Thumb Code     2  startup_tm4c123.o(.text)
    TIMER5A_Handler                          0x000003f5   Thumb Code     2  startup_tm4c123.o(.text)
    TIMER5B_Handler                          0x000003f7   Thumb Code     2  startup_tm4c123.o(.text)
    WideTimer0A_Handler                      0x000003f9   Thumb Code     2  startup_tm4c123.o(.text)
    WideTimer0B_Handler                      0x000003fb   Thumb Code     2  startup_tm4c123.o(.text)
    WideTimer1A_Handler                      0x000003fd   Thumb Code     2  startup_tm4c123.o(.text)
    WideTimer1B_Handler                      0x000003ff   Thumb Code     2  startup_tm4c123.o(.text)
    WideTimer2A_Handler                      0x00000401   Thumb Code     2  startup_tm4c123.o(.text)
    WideTimer2B_Handler                      0x00000403   Thumb Code     2  startup_tm4c123.o(.text)
    WideTimer3B_Handler                      0x00000407   Thumb Code     2  startup_tm4c123.o(.text)
    WideTimer4B_Handler                      0x0000040b   Thumb Code     2  startup_tm4c123.o(.text)
    WideTimer5B_Handler                      0x0000040f   Thumb Code     2  startup_tm4c123.o(.text)
    FPU_Handler                              0x00000411   Thumb Code     2  startup_tm4c123.o(.text)
    I2C4_Handler                             0x00000413   Thumb Code     2  startup_tm4c123.o(.text)
    I2C5_Handler                             0x00000415   Thumb Code     2  startup_tm4c123.o(.text)
    GPIOPortM_Handler                        0x00000417   Thumb Code     2  startup_tm4c123.o(.text)
    GPIOPortN_Handler                        0x00000419   Thumb Code     2  startup_tm4c123.o(.text)
    QEI2_Handler                             0x0000041b   Thumb Code     2  startup_tm4c123.o(.text)
    GPIOPortP0_Handler                       0x0000041d   Thumb Code     2  startup_tm4c123.o(.text)
    GPIOPortP1_Handler                       0x0000041f   Thumb Code     2  startup_tm4c123.o(.text)
    GPIOPortP2_Handler                       0x00000421   Thumb Code     2  startup_tm4c123.o(.text)
    GPIOPortP3_Handler                       0x00000423   Thumb Code     2  startup_tm4c123.o(.text)
    GPIOPortP4_Handler                       0x00000425   Thumb Code     2  startup_tm4c123.o(.text)
    GPIOPortP5_Handler                       0x00000427   Thumb Code     2  startup_tm4c123.o(.text)
    GPIOPortP6_Handler                       0x00000429   Thumb Code     2  startup_tm4c123.o(.text)
    GPIOPortP7_Handler                       0x0000042b   Thumb Code     2  startup_tm4c123.o(.text)
    GPIOPortQ0_Handler                       0x0000042d   Thumb Code     2  startup_tm4c123.o(.text)
    GPIOPortQ1_Handler                       0x0000042f   Thumb Code     2  startup_tm4c123.o(.text)
    GPIOPortQ2_Handler                       0x00000431   Thumb Code     2  startup_tm4c123.o(.text)
    GPIOPortQ3_Handler                       0x00000433   Thumb Code     2  startup_tm4c123.o(.text)
    GPIOPortQ4_Handler                       0x00000435   Thumb Code     2  startup_tm4c123.o(.text)
    GPIOPortQ5_Handler                       0x00000437   Thumb Code     2  startup_tm4c123.o(.text)
    GPIOPortQ6_Handler                       0x00000439   Thumb Code     2  startup_tm4c123.o(.text)
    GPIOPortQ7_Handler                       0x0000043b   Thumb Code     2  startup_tm4c123.o(.text)
    GPIOPortR_Handler                        0x0000043d   Thumb Code     2  startup_tm4c123.o(.text)
    GPIOPortS_Handler                        0x0000043f   Thumb Code     2  startup_tm4c123.o(.text)
    PWM1Generator0_Handler                   0x00000441   Thumb Code     2  startup_tm4c123.o(.text)
    PWM1Generator1_Handler                   0x00000443   Thumb Code     2  startup_tm4c123.o(.text)
    PWM1Generator2_Handler                   0x00000445   Thumb Code     2  startup_tm4c123.o(.text)
    PWM1Generator3_Handler                   0x00000447   Thumb Code     2  startup_tm4c123.o(.text)
    PWM1Fault_Handler                        0x00000449   Thumb Code     2  startup_tm4c123.o(.text)
    DisableInterrupts                        0x00000451   Thumb Code     0  startup_tm4c123.o(.text)
    EnableInterrupts                         0x00000455   Thumb Code     0  startup_tm4c123.o(.text)
    StartCritical                            0x00000459   Thumb Code     0  startup_tm4c123.o(.text)
    EndCritical                              0x00000461   Thumb Code     0  startup_tm4c123.o(.text)
    WaitForInterrupt                         0x00000467   Thumb Code     0  startup_tm4c123.o(.text)
    __user_initial_stackheap                 0x0000046b   Thumb Code     0  startup_tm4c123.o(.text)
    __use_two_region_memory                  0x00000481   Thumb Code     2  heapauxi.o(.text)
    __rt_heap_escrow$2region                 0x00000483   Thumb Code     2  heapauxi.o(.text)
    __rt_heap_expand$2region                 0x00000485   Thumb Code     2  heapauxi.o(.text)
    __user_setup_stackheap                   0x00000487   Thumb Code    74  sys_stackheap_outer.o(.text)
    exit                                     0x000004d1   Thumb Code    18  exit.o(.text)
    __user_libspace                          0x000004e5   Thumb Code     8  libspace.o(.text)
    __user_perproc_libspace                  0x000004e5   Thumb Code     0  libspace.o(.text)
    __user_perthread_libspace                0x000004e5   Thumb Code     0  libspace.o(.text)
    _sys_exit                                0x000004ed   Thumb Code     8  sys_exit.o(.text)
    __I$use$semihosting                      0x000004f9   Thumb Code     0  use_no_semi.o(.text)
    __use_no_semihosting_swi                 0x000004f9   Thumb Code     2  use_no_semi.o(.text)
    __semihosting_library_function           0x000004fb   Thumb Code     0  indicate_semi.o(.text)
    BSP_Clock_InitFastest                    0x000004fd   Thumb Code   110  bsp.o(i.BSP_Clock_InitFastest)
    BSP_Delay1ms                             0x00000579   Thumb Code    22  bsp.o(i.BSP_Delay1ms)
    BSP_Joystick_Init                        0x00000591   Thumb Code   268  bsp.o(i.BSP_Joystick_Init)
    BSP_Joystick_Input                       0x000006c1   Thumb Code    56  bsp.o(i.BSP_Joystick_Input)
    BSP_LCD_DrawChar                         0x00000701   Thumb Code   260  bsp.o(i.BSP_LCD_DrawChar)
    BSP_LCD_DrawFastVLine                    0x00000811   Thumb Code   116  bsp.o(i.BSP_LCD_DrawFastVLine)
    BSP_LCD_DrawString                       0x0000088d   Thumb Code    86  bsp.o(i.BSP_LCD_DrawString)
    BSP_LCD_FillRect                         0x000008e5   Thumb Code   164  bsp.o(i.BSP_LCD_FillRect)
    BSP_LCD_FillScreen                       0x00000991   Thumb Code    28  bsp.o(i.BSP_LCD_FillScreen)
    BSP_LCD_Init                             0x000009b5   Thumb Code    10  bsp.o(i.BSP_LCD_Init)
    BSP_LCD_SetCursor                        0x000009c1   Thumb Code    22  bsp.o(i.BSP_LCD_SetCursor)
    Ball_ClearAll                            0x000009e1   Thumb Code    56  ball.o(i.Ball_ClearAll)
    Ball_Init                                0x00000a1d   Thumb Code    54  ball.o(i.Ball_Init)
    Ball_ResetScore                          0x00000a65   Thumb Code    22  ball.o(i.Ball_ResetScore)
    Ball_SpawnNew                            0x00000a85   Thumb Code     8  ball.o(i.Ball_SpawnNew)
    Ball_Update                              0x00000a8d   Thumb Code   142  ball.o(i.Ball_Update)
    Button_IsPressed                         0x00000b31   Thumb Code    14  comm_lib.o(i.Button_IsPressed)
    CommSignalThread                         0x00000b45   Thumb Code    10  main.o(i.CommSignalThread)
    CommThread                               0x00000b55   Thumb Code    58  main.o(i.CommThread)
    Comm_CheckReceived                       0x00000b9d   Thumb Code    10  comm_lib.o(i.Comm_CheckReceived)
    Comm_Init                                0x00000bad   Thumb Code   164  comm_lib.o(i.Comm_Init)
    Comm_SendTrigger                         0x00000c75   Thumb Code    52  comm_lib.o(i.Comm_SendTrigger)
    Game_Updater                             0x00000cb5   Thumb Code    12  main.o(i.Game_Updater)
    Idle                                     0x00000cc1   Thumb Code     4  main.o(i.Idle)
    LED_Set                                  0x00000cc5   Thumb Code    34  comm_lib.o(i.LED_Set)
    OS_AddPeriodicEventThread                0x00000cf1   Thumb Code    70  os.o(i.OS_AddPeriodicEventThread)
    OS_AddThreads                            0x00000d41   Thumb Code   198  os.o(i.OS_AddThreads)
    OS_Init                                  0x00000e15   Thumb Code    46  os.o(i.OS_Init)
    OS_InitSemaphore                         0x00000e4d   Thumb Code     4  os.o(i.OS_InitSemaphore)
    OS_Launch                                0x00000e51   Thumb Code    48  os.o(i.OS_Launch)
    OS_Signal                                0x00000e85   Thumb Code    50  os.o(i.OS_Signal)
    OS_Sleep                                 0x00000ebd   Thumb Code    24  os.o(i.OS_Sleep)
    OS_Suspend                               0x00000ed9   Thumb Code    18  os.o(i.OS_Suspend)
    OS_Wait                                  0x00000ef1   Thumb Code    42  os.o(i.OS_Wait)
    Paddle_GetX                              0x00000f21   Thumb Code     8  paddle.o(i.Paddle_GetX)
    Paddle_Init                              0x00000f2d   Thumb Code    18  paddle.o(i.Paddle_Init)
    Paddle_Update                            0x00000f49   Thumb Code   132  paddle.o(i.Paddle_Update)
    Scheduler                                0x00001055   Thumb Code    40  os.o(i.Scheduler)
    SetInitialStack                          0x00001081   Thumb Code   326  os.o(i.SetInitialStack)
    Walls_Draw                               0x000011d1   Thumb Code    58  walls.o(i.Walls_Draw)
    WideTimer3A_Handler                      0x0000120d   Thumb Code    16  bsp.o(i.WideTimer3A_Handler)
    WideTimer4A_Handler                      0x00001225   Thumb Code    16  bsp.o(i.WideTimer4A_Handler)
    WideTimer5A_Handler                      0x0000123d   Thumb Code    16  bsp.o(i.WideTimer5A_Handler)
    main                                     0x000015bd   Thumb Code   102  main.o(i.main)
    Region$$Table$$Base                      0x00001f2c   Number         0  anon$$obj.o(Region$$Table)
    Region$$Table$$Limit                     0x00001f4c   Number         0  anon$$obj.o(Region$$Table)
    FifoSemaphore                            0x20000000   Data           4  os.o(.data)
    RunPt                                    0x20000004   Data           4  os.o(.data)
    PutI                                     0x20000008   Data           4  os.o(.data)
    GetI                                     0x2000000c   Data           4  os.o(.data)
    CurrentSize                              0x20000010   Data           4  os.o(.data)
    LostData                                 0x20000014   Data           4  os.o(.data)
    StX                                      0x20000024   Data           4  bsp.o(.data)
    StY                                      0x20000028   Data           4  bsp.o(.data)
    StTextColor                              0x2000002c   Data           2  bsp.o(.data)
    Messageindex                             0x20000034   Data           4  bsp.o(.data)
    TimeIndex                                0x20000038   Data           4  bsp.o(.data)
    Ymax                                     0x2000003c   Data           4  bsp.o(.data)
    Ymin                                     0x20000040   Data           4  bsp.o(.data)
    Yrange                                   0x20000044   Data           4  bsp.o(.data)
    PlotBGColor                              0x20000048   Data           2  bsp.o(.data)
    PeriodicTask                             0x2000004c   Data           4  bsp.o(.data)
    PeriodicTaskB                            0x20000050   Data           4  bsp.o(.data)
    PeriodicTaskC                            0x20000054   Data           4  bsp.o(.data)
    LightBusy                                0x20000058   Data           4  bsp.o(.data)
    TempBusy                                 0x2000005c   Data           4  bsp.o(.data)
    CommSema                                 0x20000074   Data           4  main.o(.data)
    tcbs                                     0x2000008c   Data          96  os.o(.bss)
    Stacks                                   0x200000ec   Data        2400  os.o(.bss)
    Periodic                                 0x20000a4c   Data          24  os.o(.bss)
    Fifo                                     0x20000a64   Data          40  os.o(.bss)
    __libspace_start                         0x20000abc   Data          96  libspace.o(.bss)
    __temporary_stack_top$libspace           0x20000b1c   Data           0  libspace.o(.bss)



==============================================================================

Memory Map of the image

  Image Entry point : 0x0000035d

  Load Region LR_1 (Base: 0x00000000, Size: 0x00001fd8, Max: 0xffffffff, ABSOLUTE)

    Execution Region ER_RO (Exec base: 0x00000000, Load base: 0x00000000, Size: 0x00001f4c, Max: 0xffffffff, ABSOLUTE)

    Exec Addr    Load Addr    Size         Type   Attr      Idx    E Section Name        Object

    0x00000000   0x00000000   0x0000026c   Data   RO          833    RESET               startup_tm4c123.o
    0x0000026c   0x0000026c   0x00000008   Code   RO          905  * !!!main             c_w.l(__main.o)
    0x00000274   0x00000274   0x00000034   Code   RO         1064    !!!scatter          c_w.l(__scatter.o)
    0x000002a8   0x000002a8   0x0000001a   Code   RO         1066    !!handler_copy      c_w.l(__scatter_copy.o)
    0x000002c2   0x000002c2   0x00000002   PAD
    0x000002c4   0x000002c4   0x0000001c   Code   RO         1068    !!handler_zi        c_w.l(__scatter_zi.o)
    0x000002e0   0x000002e0   0x00000002   Code   RO          932    .ARM.Collect$$libinit$$00000000  c_w.l(libinit.o)
    0x000002e2   0x000002e2   0x00000000   Code   RO          939    .ARM.Collect$$libinit$$00000002  c_w.l(libinit2.o)
    0x000002e2   0x000002e2   0x00000000   Code   RO          941    .ARM.Collect$$libinit$$00000004  c_w.l(libinit2.o)
    0x000002e2   0x000002e2   0x00000000   Code   RO          944    .ARM.Collect$$libinit$$0000000A  c_w.l(libinit2.o)
    0x000002e2   0x000002e2   0x00000000   Code   RO          946    .ARM.Collect$$libinit$$0000000C  c_w.l(libinit2.o)
    0x000002e2   0x000002e2   0x00000000   Code   RO          948    .ARM.Collect$$libinit$$0000000E  c_w.l(libinit2.o)
    0x000002e2   0x000002e2   0x00000000   Code   RO          951    .ARM.Collect$$libinit$$00000011  c_w.l(libinit2.o)
    0x000002e2   0x000002e2   0x00000000   Code   RO          953    .ARM.Collect$$libinit$$00000013  c_w.l(libinit2.o)
    0x000002e2   0x000002e2   0x00000000   Code   RO          955    .ARM.Collect$$libinit$$00000015  c_w.l(libinit2.o)
    0x000002e2   0x000002e2   0x00000000   Code   RO          957    .ARM.Collect$$libinit$$00000017  c_w.l(libinit2.o)
    0x000002e2   0x000002e2   0x00000000   Code   RO          959    .ARM.Collect$$libinit$$00000019  c_w.l(libinit2.o)
    0x000002e2   0x000002e2   0x00000000   Code   RO          961    .ARM.Collect$$libinit$$0000001B  c_w.l(libinit2.o)
    0x000002e2   0x000002e2   0x00000000   Code   RO          963    .ARM.Collect$$libinit$$0000001D  c_w.l(libinit2.o)
    0x000002e2   0x000002e2   0x00000000   Code   RO          965    .ARM.Collect$$libinit$$0000001F  c_w.l(libinit2.o)
    0x000002e2   0x000002e2   0x00000000   Code   RO          967    .ARM.Collect$$libinit$$00000021  c_w.l(libinit2.o)
    0x000002e2   0x000002e2   0x00000000   Code   RO          969    .ARM.Collect$$libinit$$00000023  c_w.l(libinit2.o)
    0x000002e2   0x000002e2   0x00000000   Code   RO          971    .ARM.Collect$$libinit$$00000025  c_w.l(libinit2.o)
    0x000002e2   0x000002e2   0x00000000   Code   RO          975    .ARM.Collect$$libinit$$0000002C  c_w.l(libinit2.o)
    0x000002e2   0x000002e2   0x00000000   Code   RO          977    .ARM.Collect$$libinit$$0000002E  c_w.l(libinit2.o)
    0x000002e2   0x000002e2   0x00000000   Code   RO          979    .ARM.Collect$$libinit$$00000030  c_w.l(libinit2.o)
    0x000002e2   0x000002e2   0x00000000   Code   RO          981    .ARM.Collect$$libinit$$00000032  c_w.l(libinit2.o)
    0x000002e2   0x000002e2   0x00000002   Code   RO          982    .ARM.Collect$$libinit$$00000033  c_w.l(libinit2.o)
    0x000002e4   0x000002e4   0x00000002   Code   RO         1002    .ARM.Collect$$libshutdown$$00000000  c_w.l(libshutdown.o)
    0x000002e6   0x000002e6   0x00000000   Code   RO         1015    .ARM.Collect$$libshutdown$$00000002  c_w.l(libshutdown2.o)
    0x000002e6   0x000002e6   0x00000000   Code   RO         1017    .ARM.Collect$$libshutdown$$00000004  c_w.l(libshutdown2.o)
    0x000002e6   0x000002e6   0x00000000   Code   RO         1019    .ARM.Collect$$libshutdown$$00000006  c_w.l(libshutdown2.o)
    0x000002e6   0x000002e6   0x00000000   Code   RO         1022    .ARM.Collect$$libshutdown$$00000009  c_w.l(libshutdown2.o)
    0x000002e6   0x000002e6   0x00000000   Code   RO         1025    .ARM.Collect$$libshutdown$$0000000C  c_w.l(libshutdown2.o)
    0x000002e6   0x000002e6   0x00000000   Code   RO         1027    .ARM.Collect$$libshutdown$$0000000E  c_w.l(libshutdown2.o)
    0x000002e6   0x000002e6   0x00000000   Code   RO         1030    .ARM.Collect$$libshutdown$$00000011  c_w.l(libshutdown2.o)
    0x000002e6   0x000002e6   0x00000002   Code   RO         1031    .ARM.Collect$$libshutdown$$00000012  c_w.l(libshutdown2.o)
    0x000002e8   0x000002e8   0x00000000   Code   RO          907    .ARM.Collect$$rtentry$$00000000  c_w.l(__rtentry.o)
    0x000002e8   0x000002e8   0x00000000   Code   RO          909    .ARM.Collect$$rtentry$$00000002  c_w.l(__rtentry2.o)
    0x000002e8   0x000002e8   0x00000006   Code   RO          921    .ARM.Collect$$rtentry$$00000004  c_w.l(__rtentry4.o)
    0x000002ee   0x000002ee   0x00000000   Code   RO          911    .ARM.Collect$$rtentry$$00000009  c_w.l(__rtentry2.o)
    0x000002ee   0x000002ee   0x00000004   Code   RO          912    .ARM.Collect$$rtentry$$0000000A  c_w.l(__rtentry2.o)
    0x000002f2   0x000002f2   0x00000000   Code   RO          914    .ARM.Collect$$rtentry$$0000000C  c_w.l(__rtentry2.o)
    0x000002f2   0x000002f2   0x00000008   Code   RO          915    .ARM.Collect$$rtentry$$0000000D  c_w.l(__rtentry2.o)
    0x000002fa   0x000002fa   0x00000002   Code   RO          936    .ARM.Collect$$rtexit$$00000000  c_w.l(rtexit.o)
    0x000002fc   0x000002fc   0x00000000   Code   RO          984    .ARM.Collect$$rtexit$$00000002  c_w.l(rtexit2.o)
    0x000002fc   0x000002fc   0x00000004   Code   RO          985    .ARM.Collect$$rtexit$$00000003  c_w.l(rtexit2.o)
    0x00000300   0x00000300   0x00000006   Code   RO          986    .ARM.Collect$$rtexit$$00000004  c_w.l(rtexit2.o)
    0x00000306   0x00000306   0x00000002   PAD
    0x00000308   0x00000308   0x00000006   Code   RO          121    .emb_text           bsp.o
    0x0000030e   0x0000030e   0x00000002   PAD
    0x00000310   0x00000310   0x0000004c   Code   RO            1    .text               osasm.o
    0x0000035c   0x0000035c   0x00000124   Code   RO          834  * .text               startup_tm4c123.o
    0x00000480   0x00000480   0x00000006   Code   RO          903    .text               c_w.l(heapauxi.o)
    0x00000486   0x00000486   0x0000004a   Code   RO          923    .text               c_w.l(sys_stackheap_outer.o)
    0x000004d0   0x000004d0   0x00000012   Code   RO          925    .text               c_w.l(exit.o)
    0x000004e2   0x000004e2   0x00000002   PAD
    0x000004e4   0x000004e4   0x00000008   Code   RO          933    .text               c_w.l(libspace.o)
    0x000004ec   0x000004ec   0x0000000c   Code   RO          994    .text               c_w.l(sys_exit.o)
    0x000004f8   0x000004f8   0x00000002   Code   RO         1005    .text               c_w.l(use_no_semi.o)
    0x000004fa   0x000004fa   0x00000000   Code   RO         1007    .text               c_w.l(indicate_semi.o)
    0x000004fa   0x000004fa   0x00000002   PAD
    0x000004fc   0x000004fc   0x0000007c   Code   RO          131    i.BSP_Clock_InitFastest  bsp.o
    0x00000578   0x00000578   0x00000016   Code   RO          132    i.BSP_Delay1ms      bsp.o
    0x0000058e   0x0000058e   0x00000002   PAD
    0x00000590   0x00000590   0x00000130   Code   RO          133    i.BSP_Joystick_Init  bsp.o
    0x000006c0   0x000006c0   0x00000040   Code   RO          134    i.BSP_Joystick_Input  bsp.o
    0x00000700   0x00000700   0x00000110   Code   RO          137    i.BSP_LCD_DrawChar  bsp.o
    0x00000810   0x00000810   0x0000007c   Code   RO          140    i.BSP_LCD_DrawFastVLine  bsp.o
    0x0000088c   0x0000088c   0x00000056   Code   RO          142    i.BSP_LCD_DrawString  bsp.o
    0x000008e2   0x000008e2   0x00000002   PAD
    0x000008e4   0x000008e4   0x000000ac   Code   RO          144    i.BSP_LCD_FillRect  bsp.o
    0x00000990   0x00000990   0x00000024   Code   RO          145    i.BSP_LCD_FillScreen  bsp.o
    0x000009b4   0x000009b4   0x0000000a   Code   RO          146    i.BSP_LCD_Init      bsp.o
    0x000009be   0x000009be   0x00000002   PAD
    0x000009c0   0x000009c0   0x00000020   Code   RO          154    i.BSP_LCD_SetCursor  bsp.o
    0x000009e0   0x000009e0   0x0000003c   Code   RO          613    i.Ball_ClearAll     ball.o
    0x00000a1c   0x00000a1c   0x00000048   Code   RO          615    i.Ball_Init         ball.o
    0x00000a64   0x00000a64   0x00000020   Code   RO          616    i.Ball_ResetScore   ball.o
    0x00000a84   0x00000a84   0x00000008   Code   RO          617    i.Ball_SpawnNew     ball.o
    0x00000a8c   0x00000a8c   0x000000a4   Code   RO          618    i.Ball_Update       ball.o
    0x00000b30   0x00000b30   0x00000014   Code   RO          786    i.Button_IsPressed  comm_lib.o
    0x00000b44   0x00000b44   0x00000010   Code   RO          706    i.CommSignalThread  main.o
    0x00000b54   0x00000b54   0x00000048   Code   RO          707    i.CommThread        main.o
    0x00000b9c   0x00000b9c   0x00000010   Code   RO          788    i.Comm_CheckReceived  comm_lib.o
    0x00000bac   0x00000bac   0x000000c8   Code   RO          789    i.Comm_Init         comm_lib.o
    0x00000c74   0x00000c74   0x00000040   Code   RO          790    i.Comm_SendTrigger  comm_lib.o
    0x00000cb4   0x00000cb4   0x0000000c   Code   RO          708    i.Game_Updater      main.o
    0x00000cc0   0x00000cc0   0x00000004   Code   RO          709    i.Idle              main.o
    0x00000cc4   0x00000cc4   0x0000002c   Code   RO          791    i.LED_Set           comm_lib.o
    0x00000cf0   0x00000cf0   0x00000050   Code   RO            6    i.OS_AddPeriodicEventThread  os.o
    0x00000d40   0x00000d40   0x000000d4   Code   RO            7    i.OS_AddThreads     os.o
    0x00000e14   0x00000e14   0x00000038   Code   RO           11    i.OS_Init           os.o
    0x00000e4c   0x00000e4c   0x00000004   Code   RO           12    i.OS_InitSemaphore  os.o
    0x00000e50   0x00000e50   0x00000034   Code   RO           13    i.OS_Launch         os.o
    0x00000e84   0x00000e84   0x00000038   Code   RO           14    i.OS_Signal         os.o
    0x00000ebc   0x00000ebc   0x0000001c   Code   RO           15    i.OS_Sleep          os.o
    0x00000ed8   0x00000ed8   0x00000018   Code   RO           16    i.OS_Suspend        os.o
    0x00000ef0   0x00000ef0   0x00000030   Code   RO           17    i.OS_Wait           os.o
    0x00000f20   0x00000f20   0x0000000c   Code   RO          748    i.Paddle_GetX       paddle.o
    0x00000f2c   0x00000f2c   0x0000001c   Code   RO          749    i.Paddle_Init       paddle.o
    0x00000f48   0x00000f48   0x00000098   Code   RO          750    i.Paddle_Update     paddle.o
    0x00000fe0   0x00000fe0   0x00000074   Code   RO          183    i.ST7735_InitR      bsp.o
    0x00001054   0x00001054   0x0000002c   Code   RO           18    i.Scheduler         os.o
    0x00001080   0x00001080   0x00000150   Code   RO           19    i.SetInitialStack   os.o
    0x000011d0   0x000011d0   0x0000003a   Code   RO          774    i.Walls_Draw        walls.o
    0x0000120a   0x0000120a   0x00000002   PAD
    0x0000120c   0x0000120c   0x00000018   Code   RO          184    i.WideTimer3A_Handler  bsp.o
    0x00001224   0x00001224   0x00000018   Code   RO          185    i.WideTimer4A_Handler  bsp.o
    0x0000123c   0x0000123c   0x00000018   Code   RO          186    i.WideTimer5A_Handler  bsp.o
    0x00001254   0x00001254   0x00000040   Code   RO          187    i.adcinit           bsp.o
    0x00001294   0x00001294   0x0000003c   Code   RO          619    i.applyNudge        ball.o
    0x000012d0   0x000012d0   0x00000056   Code   RO          188    i.commandList       bsp.o
    0x00001326   0x00001326   0x00000002   PAD
    0x00001328   0x00001328   0x000001f0   Code   RO          189    i.commonInit        bsp.o
    0x00001518   0x00001518   0x0000001c   Code   RO          620    i.drawBall          ball.o
    0x00001534   0x00001534   0x00000058   Code   RO          621    i.drawScore         ball.o
    0x0000158c   0x0000158c   0x00000030   Code   RO          622    i.erasePrev         ball.o
    0x000015bc   0x000015bc   0x0000007c   Code   RO          710    i.main              main.o
    0x00001638   0x00001638   0x00000012   Code   RO          198    i.pushColor         bsp.o
    0x0000164a   0x0000164a   0x00000002   PAD
    0x0000164c   0x0000164c   0x00000088   Code   RO           20    i.runperiodicevents  os.o
    0x000016d4   0x000016d4   0x00000074   Code   RO          199    i.setAddrWindow     bsp.o
    0x00001748   0x00001748   0x0000008c   Code   RO          623    i.spawnAtCenter     ball.o
    0x000017d4   0x000017d4   0x00000052   Code   RO          624    i.u32ToStr          ball.o
    0x00001826   0x00001826   0x00000002   PAD
    0x00001828   0x00001828   0x000000f0   Code   RO          625    i.updateOne         ball.o
    0x00001918   0x00001918   0x00000048   Code   RO          202    i.writecommand      bsp.o
    0x00001960   0x00001960   0x00000048   Code   RO          203    i.writedata         bsp.o
    0x000019a8   0x000019a8   0x0000057b   Data   RO          205    .constdata          bsp.o
    0x00001f23   0x00001f23   0x00000009   Data   RO          627    .constdata          ball.o
    0x00001f2c   0x00001f2c   0x00000020   Data   RO         1062    Region$$Table       anon$$obj.o


    Execution Region ER_RW (Exec base: 0x20000000, Load base: 0x00001f4c, Size: 0x0000008c, Max: 0xffffffff, ABSOLUTE)

    Exec Addr    Load Addr    Size         Type   Attr      Idx    E Section Name        Object

    0x20000000   0x00001f4c   0x0000001c   Data   RW           22    .data               os.o
    0x2000001c   0x00001f68   0x00000044   Data   RW          206    .data               bsp.o
    0x20000060   0x00001fac   0x0000000e   Data   RW          628    .data               ball.o
    0x2000006e   0x00001fba   0x00000002   PAD
    0x20000070   0x00001fbc   0x00000010   Data   RW          711    .data               main.o
    0x20000080   0x00001fcc   0x00000009   Data   RW          751    .data               paddle.o


    Execution Region ER_ZI (Exec base: 0x2000008c, Load base: 0x00001fd8, Size: 0x00000c94, Max: 0xffffffff, ABSOLUTE)

    Exec Addr    Load Addr    Size         Type   Attr      Idx    E Section Name        Object

    0x2000008c        -       0x00000a00   Zero   RW           21    .bss                os.o
    0x20000a8c        -       0x00000030   Zero   RW          626    .bss                ball.o
    0x20000abc        -       0x00000060   Zero   RW          934    .bss                c_w.l(libspace.o)
    0x20000b1c   0x00001fd8   0x00000004   PAD
    0x20000b20        -       0x00000000   Zero   RW          832    HEAP                startup_tm4c123.o
    0x20000b20        -       0x00000200   Zero   RW          831    STACK               startup_tm4c123.o


==============================================================================

Image component sizes


      Code (inc. data)   RO Data    RW Data    ZI Data      Debug   Object Name

      1022        106          9         14         48       8528   ball.o
      2364        260       1403         68          0      18699   bsp.o
       344         70          0          0          0       3249   comm_lib.o
       228         42          0         16          0       3124   main.o
      1076         84          0         28       2560      13464   os.o
        76          6          0          0          0        388   osasm.o
       192         34          0          9          0       1968   paddle.o
       292         18        620          0        512       5792   startup_tm4c123.o
        58          0          0          0          0        525   walls.o

    ----------------------------------------------------------------------
      5668        620       2064        140       3120      55737   Object Totals
         0          0         32          0          0          0   (incl. Generated)
        16          0          0          5          0          0   (incl. Padding)

    ----------------------------------------------------------------------

      Code (inc. data)   RO Data    RW Data    ZI Data      Debug   Library Member Name

         8          0          0          0          0         68   __main.o
         0          0          0          0          0          0   __rtentry.o
        12          0          0          0          0          0   __rtentry2.o
         6          0          0          0          0          0   __rtentry4.o
        52          8          0          0          0          0   __scatter.o
        26          0          0          0          0          0   __scatter_copy.o
        28          0          0          0          0          0   __scatter_zi.o
        18          0          0          0          0         80   exit.o
         6          0          0          0          0        152   heapauxi.o
         0          0          0          0          0          0   indicate_semi.o
         2          0          0          0          0          0   libinit.o
         2          0          0          0          0          0   libinit2.o
         2          0          0          0          0          0   libshutdown.o
         2          0          0          0          0          0   libshutdown2.o
         8          4          0          0         96         68   libspace.o
         2          0          0          0          0          0   rtexit.o
        10          0          0          0          0          0   rtexit2.o
        12          4          0          0          0         68   sys_exit.o
        74          0          0          0          0         80   sys_stackheap_outer.o
         2          0          0          0          0         68   use_no_semi.o

    ----------------------------------------------------------------------
       280         16          0          0        100        584   Library Totals
         8          0          0          0          4          0   (incl. Padding)

    ----------------------------------------------------------------------

      Code (inc. data)   RO Data    RW Data    ZI Data      Debug   Library Name

       272         16          0          0         96        584   c_w.l

    ----------------------------------------------------------------------
       280         16          0          0        100        584   Library Totals

    ----------------------------------------------------------------------

==============================================================================


      Code (inc. data)   RO Data    RW Data    ZI Data      Debug   

      5948        636       2064        140       3220      53301   Grand Totals
      5948        636       2064        140       3220      53301   ELF Image Totals
      5948        636       2064        140          0          0   ROM Totals

==============================================================================

    Total RO  Size (Code + RO Data)                 8012 (   7.82kB)
    Total RW  Size (RW Data + ZI Data)              3360 (   3.28kB)
    Total ROM Size (Code + RO Data + RW Data)       8152 (   7.96kB)

==============================================================================

