<html>
<body>
<pre>
<h1>µVision Build Log</h1>
<h2>Tool Versions:</h2>
IDE-Version: µVision V5.41.0.0
Copyright (C) 2024 ARM Ltd and ARM Germany GmbH. All rights reserved.
License Information: Jesus Alberto Rodriguez Toscano, UNIVERSITY OF HOUSTON, LIC=----
 
Tool Versions:
Toolchain:       MDK-Lite  Version: 5.41.0.0
Toolchain Path:  C:\Keil_v5\ARM\ARM_Compiler_5.06u7\Bin
C Compiler:      Armcc.exe V5.06 update 7 (build 960)
Assembler:       Armasm.exe V5.06 update 7 (build 960)
Linker/Locator:  ArmLink.exe V5.06 update 7 (build 960)
Library Manager: ArmAr.exe V5.06 update 7 (build 960)
Hex Converter:   FromElf.exe V5.06 update 7 (build 960)
CPU DLL:         SARMCM3.DLL V5.41.0.0
Dialog DLL:      DCM.DLL V1.17.5.0
Target DLL:      lmidk-agdi.dll V???
Dialog DLL:      TCM.DLL V1.56.4.0
 
<h2>Project:</h2>
C:\Users\jesus\Documents\UH_Sem2\ProjectoFinal_RTOS\Rtos_Multi PLayer Pong\Rtos_Multi PLayer Pong1\Rtos_Multi PLayer Pong1\Rtos_Single PLayer Pong\Lab3_Team13\Lab3_4C123\Lab3.uvprojx
Project File Date:  04/21/2025

<h2>Output:</h2>
*** Using Compiler 'V5.06 update 7 (build 960)', folder: 'C:\Keil_v5\ARM\ARM_Compiler_5.06u7\Bin'
Rebuild target 'Target'
compiling paddle.c...
paddle.h(13): warning:  #1-D: last line of file ends without a newline
  #endif
paddle.c(40): warning:  #1-D: last line of file ends without a newline
  }
paddle.c: 2 warnings, 0 errors
compiling main.c...
paddle.h(13): warning:  #1-D: last line of file ends without a newline
  #endif
ball.h(27): warning:  #1-D: last line of file ends without a newline
  #endif
walls.h(7): warning:  #1-D: last line of file ends without a newline
  #endif
main.c(11): warning:  #177-D: variable "ledPrev"  was declared but never referenced
  static bool ledPrev = false;   // Remember previous LED level
main.c: 4 warnings, 0 errors
compiling walls.c...
walls.h(7): warning:  #1-D: last line of file ends without a newline
  #endif
walls.c(13): warning:  #1-D: last line of file ends without a newline
  }
walls.c: 2 warnings, 0 errors
assembling osasm.s...
compiling os.c...
compiling ball.c...
ball.h(27): warning:  #1-D: last line of file ends without a newline
  #endif
paddle.h(13): warning:  #1-D: last line of file ends without a newline
  #endif
ball.c(223): warning:  #1-D: last line of file ends without a newline
  }
ball.c: 3 warnings, 0 errors
assembling startup_TM4C123.s...
compiling comm_lib.c...
compiling system_TM4C123.c...
compiling BSP.c...
..\inc\BSP.c(236): warning:  #177-D: variable "dly1"  was declared but never referenced
  	int dly1;
..\inc\BSP.c(316): warning:  #550-D: variable "dly"  was set but never used
  	uint32_t dly;
..\inc\BSP.c(553): warning:  #550-D: variable "dly1"  was set but never used
  void BSP_Accelerometer_Init(void){int dly1;
..\inc\BSP.c(585): warning:  #550-D: variable "dly1"  was set but never used
  	int8_t dly1;
..\inc\BSP.c(602): warning:  #550-D: variable "dly2"  was set but never used
  	int dly2;
..\inc\BSP.c(1259): warning:  #550-D: variable "dly1"  was set but never used
    uint8_t dly1;
..\inc\BSP.c(2106): warning:  #550-D: variable "dly1"  was set but never used
    uint8_t dly1;
..\inc\BSP.c(2177): warning:  #550-D: variable "dly1"  was set but never used
    uint8_t dly1;
..\inc\BSP.c(2241): warning:  #550-D: variable "dly1"  was set but never used
    uint8_t dly1;
..\inc\BSP.c(2300): warning:  #550-D: variable "delay"  was set but never used
  	uint32_t delay;
..\inc\BSP.c(2350): warning:  #550-D: variable "dly1"  was set but never used
    uint8_t dly1;
..\inc\BSP.c(2398): warning:  #550-D: variable "dly1"  was set but never used
    uint8_t dly1;
..\inc\BSP.c: 12 warnings, 0 errors
linking...
Program Size: Code=5948 RO-data=2064 RW-data=140 ZI-data=3220  
".\Objects\Lab2.axf" - 0 Error(s), 23 Warning(s).

<h2>Software Packages used:</h2>

Package Vendor: ARM
                http://www.keil.com/pack/ARM.CMSIS.5.6.0.pack
                ARM::CMSIS@5.6.0
                CMSIS (Cortex Microcontroller Software Interface Standard)
   * Component: CORE Version: 5.3.0

Package Vendor: Keil
                http://www.keil.com/pack/Keil.TM4C_DFP.1.1.0.pack
                Keil::TM4C_DFP@1.1.0
                Texas Instruments Tiva C Series Device Support and Examples
   * Component: Startup Version: 1.0.1

<h2>Collection of Component include folders:</h2>
  ./RTE/_Target
  C:/Users/jesus/AppData/Local/Arm/Packs/ARM/CMSIS/5.6.0/CMSIS/Core/Include
  C:/Users/jesus/AppData/Local/Arm/Packs/Keil/TM4C_DFP/1.1.0/Device/Include/TM4C123

<h2>Collection of Component Files used:</h2>

   * Component: ARM::CMSIS:CORE@5.3.0

   * Component: Keil::Device:Startup@1.0.1
      Source file:   Device/Source/ARM/startup_TM4C123.s
      Include file:  Device/Include/TM4C123/TM4C123.h
      Source file:   Device/Source/system_TM4C123.c
Build Time Elapsed:  00:00:03
</pre>
</body>
</html>
